Component: ARM Compiler 6.16 Tool: armlink [5dfeaa00]

==============================================================================

Memory Map of the image

  Image Entry point : 0x0800013d

  Load Region LR_IROM1 (Base: 0x08000000, Size: 0x0000dc08, Max: 0x000ca000, ABSOLUTE, COMPRESSED[0x0000d368])

    Execution Region ER_IROM1 (Base: 0x08000000, Size: 0x0000d328, Max: 0x000ca000, ABSOLUTE)

    Base Addr    Size         Type   Attr      Idx    E Section Name        Object

    0x08000000   0x0000013c   Data   RO        40630    RESET               BUILD/NUCLEO_WB55RG/ARMC6/mbed-os/targets/TARGET_STM/TARGET_STM32WB/TARGET_STM32WB55xG/TOOLCHAIN_ARM/startup_stm32wb55xx.o
    0x0800013c   0x00000008   Code   RO        41498  * !!!main             c:\ProgramData\Mbed Studio\mbed-studio-tools\ac6\bin\..\lib\armlib\c_w.l(__main.o)
    0x08000144   0x00000034   Code   RO        42814    !!!scatter          c:\ProgramData\Mbed Studio\mbed-studio-tools\ac6\bin\..\lib\armlib\c_w.l(__scatter.o)
    0x08000178   0x0000003a   Code   RO        42812    !!dczerorl          c:\ProgramData\Mbed Studio\mbed-studio-tools\ac6\bin\..\lib\armlib\c_w.l(__dczerorl.o)
    0x080001b2   0x00000002   PAD
    0x080001b4   0x0000001c   Code   RO        42816    !!handler_zi        c:\ProgramData\Mbed Studio\mbed-studio-tools\ac6\bin\..\lib\armlib\c_w.l(__scatter_zi.o)
    0x080001d0   0x00000002   Code   RO        41497    .ARM.Collect$$libinit$$00000000  c:\ProgramData\Mbed Studio\mbed-studio-tools\ac6\bin\..\lib\armlib\c_w.l(libinit.o)
    0x080001d2   0x00000004   Code   RO        42064    .ARM.Collect$$libinit$$00000001  c:\ProgramData\Mbed Studio\mbed-studio-tools\ac6\bin\..\lib\armlib\c_w.l(libinit2.o)
    0x080001d6   0x00000000   Code   RO        42067    .ARM.Collect$$libinit$$00000004  c:\ProgramData\Mbed Studio\mbed-studio-tools\ac6\bin\..\lib\armlib\c_w.l(libinit2.o)
    0x080001d6   0x00000008   Code   RO        42068    .ARM.Collect$$libinit$$00000005  c:\ProgramData\Mbed Studio\mbed-studio-tools\ac6\bin\..\lib\armlib\c_w.l(libinit2.o)
    0x080001de   0x00000000   Code   RO        42070    .ARM.Collect$$libinit$$0000000A  c:\ProgramData\Mbed Studio\mbed-studio-tools\ac6\bin\..\lib\armlib\c_w.l(libinit2.o)
    0x080001de   0x00000000   Code   RO        42072    .ARM.Collect$$libinit$$0000000C  c:\ProgramData\Mbed Studio\mbed-studio-tools\ac6\bin\..\lib\armlib\c_w.l(libinit2.o)
    0x080001de   0x00000000   Code   RO        42074    .ARM.Collect$$libinit$$0000000E  c:\ProgramData\Mbed Studio\mbed-studio-tools\ac6\bin\..\lib\armlib\c_w.l(libinit2.o)
    0x080001de   0x00000000   Code   RO        42077    .ARM.Collect$$libinit$$00000011  c:\ProgramData\Mbed Studio\mbed-studio-tools\ac6\bin\..\lib\armlib\c_w.l(libinit2.o)
    0x080001de   0x00000000   Code   RO        42079    .ARM.Collect$$libinit$$00000013  c:\ProgramData\Mbed Studio\mbed-studio-tools\ac6\bin\..\lib\armlib\c_w.l(libinit2.o)
    0x080001de   0x00000000   Code   RO        42081    .ARM.Collect$$libinit$$00000015  c:\ProgramData\Mbed Studio\mbed-studio-tools\ac6\bin\..\lib\armlib\c_w.l(libinit2.o)
    0x080001de   0x00000000   Code   RO        42083    .ARM.Collect$$libinit$$00000017  c:\ProgramData\Mbed Studio\mbed-studio-tools\ac6\bin\..\lib\armlib\c_w.l(libinit2.o)
    0x080001de   0x00000000   Code   RO        42085    .ARM.Collect$$libinit$$00000019  c:\ProgramData\Mbed Studio\mbed-studio-tools\ac6\bin\..\lib\armlib\c_w.l(libinit2.o)
    0x080001de   0x00000000   Code   RO        42087    .ARM.Collect$$libinit$$0000001B  c:\ProgramData\Mbed Studio\mbed-studio-tools\ac6\bin\..\lib\armlib\c_w.l(libinit2.o)
    0x080001de   0x00000000   Code   RO        42089    .ARM.Collect$$libinit$$0000001D  c:\ProgramData\Mbed Studio\mbed-studio-tools\ac6\bin\..\lib\armlib\c_w.l(libinit2.o)
    0x080001de   0x00000000   Code   RO        42091    .ARM.Collect$$libinit$$0000001F  c:\ProgramData\Mbed Studio\mbed-studio-tools\ac6\bin\..\lib\armlib\c_w.l(libinit2.o)
    0x080001de   0x00000000   Code   RO        42093    .ARM.Collect$$libinit$$00000021  c:\ProgramData\Mbed Studio\mbed-studio-tools\ac6\bin\..\lib\armlib\c_w.l(libinit2.o)
    0x080001de   0x00000000   Code   RO        42095    .ARM.Collect$$libinit$$00000023  c:\ProgramData\Mbed Studio\mbed-studio-tools\ac6\bin\..\lib\armlib\c_w.l(libinit2.o)
    0x080001de   0x00000004   Code   RO        42096    .ARM.Collect$$libinit$$00000024  c:\ProgramData\Mbed Studio\mbed-studio-tools\ac6\bin\..\lib\armlib\c_w.l(libinit2.o)
    0x080001e2   0x00000000   Code   RO        42097    .ARM.Collect$$libinit$$00000025  c:\ProgramData\Mbed Studio\mbed-studio-tools\ac6\bin\..\lib\armlib\c_w.l(libinit2.o)
    0x080001e2   0x00000000   Code   RO        42101    .ARM.Collect$$libinit$$0000002C  c:\ProgramData\Mbed Studio\mbed-studio-tools\ac6\bin\..\lib\armlib\c_w.l(libinit2.o)
[...]
    0x08004e96   0x0000000c   Code   RO        35847    .text._ZN4mbed3Dir4sizeEv  BUILD/NUCLEO_WB55RG/ARMC6/mbed-os/storage/filesystem/source/Dir.o
    0x08004ea2   0x0000000c   Code   RO        35843    .text._ZN4mbed3Dir4tellEv  BUILD/NUCLEO_WB55RG/ARMC6/mbed-os/storage/filesystem/source/Dir.o
    0x08004eae   0x0000001c   Code   RO        35837    .text._ZN4mbed3Dir5closeEv  BUILD/NUCLEO_WB55RG/ARMC6/mbed-os/storage/filesystem/source/Dir.o
    0x08004eca   0x0000000c   Code   RO        35845    .text._ZN4mbed3Dir6rewindEv  BUILD/NUCLEO_WB55RG/ARMC6/mbed-os/storage/filesystem/source/Dir.o
    0x08004ed6   0x00000002   PAD
    0x08004ed8   0x00000010   Code   RO        35827    .text._ZN4mbed3DirC2Ev  BUILD/NUCLEO_WB55RG/ARMC6/mbed-os/storage/filesystem/source/Dir.o
    0x08004ee8   0x0000000e   Code   RO        35833    .text._ZN4mbed3DirD0Ev  BUILD/NUCLEO_WB55RG/ARMC6/mbed-os/storage/filesystem/source/Dir.o
    0x08004ef6   0x00000002   PAD
    0x08004ef8   0x0000001c   Code   RO        35831    .text._ZN4mbed3DirD2Ev  BUILD/NUCLEO_WB55RG/ARMC6/mbed-os/storage/filesystem/source/Dir.o
    0x08004f14   0x00000026   Code   RO        35860    .text._ZN4mbed4File4openEPNS_10FileSystemEPKci  BUILD/NUCLEO_WB55RG/ARMC6/mbed-os/storage/filesystem/source/File.o
    0x08004f3a   0x00000012   Code   RO        35864    .text._ZN4mbed4File4readEPvj  BUILD/NUCLEO_WB55RG/ARMC6/mbed-os/storage/filesystem/source/File.o
    0x08004f4c   0x00000012   Code   RO        35872    .text._ZN4mbed4File4seekEli  BUILD/NUCLEO_WB55RG/ARMC6/mbed-os/storage/filesystem/source/File.o
    0x08004f5e   0x0000000c   Code   RO        35878    .text._ZN4mbed4File4sizeEv  BUILD/NUCLEO_WB55RG/ARMC6/mbed-os/storage/filesystem/source/File.o
    0x08004f6a   0x0000000c   Code   RO        35868    .text._ZN4mbed4File4syncEv  BUILD/NUCLEO_WB55RG/ARMC6/mbed-os/storage/filesystem/source/File.o
    0x08004f76   0x0000000c   Code   RO        35874    .text._ZN4mbed4File4tellEv  BUILD/NUCLEO_WB55RG/ARMC6/mbed-os/storage/filesystem/source/File.o
    0x08004f82   0x0000001c   Code   RO        35862    .text._ZN4mbed4File5closeEv  BUILD/NUCLEO_WB55RG/ARMC6/mbed-os/storage/filesystem/source/File.o
    0x08004f9e   0x00000012   Code   RO        35866    .text._ZN4mbed4File5writeEPKvj  BUILD/NUCLEO_WB55RG/ARMC6/mbed-os/storage/filesystem/source/File.o
    0x08004fb0   0x0000000c   Code   RO        35870    .text._ZN4mbed4File6isattyEv  BUILD/NUCLEO_WB55RG/ARMC6/mbed-os/storage/filesystem/source/File.o
    0x08004fbc   0x0000000c   Code   RO        35876    .text._ZN4mbed4File6rewindEv  BUILD/NUCLEO_WB55RG/ARMC6/mbed-os/storage/filesystem/source/File.o
    0x08004fc8   0x00000010   Code   RO        35880    .text._ZN4mbed4File8truncateEl  BUILD/NUCLEO_WB55RG/ARMC6/mbed-os/storage/filesystem/source/File.o
    0x08004fd8   0x00000010   Code   RO        35852    .text._ZN4mbed4FileC2Ev  BUILD/NUCLEO_WB55RG/ARMC6/mbed-os/storage/filesystem/source/File.o
    0x08004fe8   0x0000000e   Code   RO        35858    .text._ZN4mbed4FileD0Ev  BUILD/NUCLEO_WB55RG/ARMC6/mbed-os/storage/filesystem/source/File.o
    0x08004ff6   0x00000002   PAD
    0x08004ff8   0x0000001c   Code   RO        35856    .text._ZN4mbed4FileD2Ev  BUILD/NUCLEO_WB55RG/ARMC6/mbed-os/storage/filesystem/source/File.o
    0x08005014   0x00000028   Code   RO        35539    .text._ZN4mbed4impl7MbedCRCILj79764919ELh32ELNS_7CrcModeE1EE7computeEPKvjPj  BUILD/NUCLEO_WB55RG/ARMC6/mbed-os/storage/filesystem/littlefs/source/LittleFileSystem.o
    0x0800503c   0x00000016   Code   RO        35963    .text._ZN4mbed7ManagedINS_3DirEE5closeEv  BUILD/NUCLEO_WB55RG/ARMC6/mbed-os/storage/filesystem/source/FileSystem.o
    0x08005052   0x00000002   PAD
    0x08005054   0x00000014   Code   RO        35941    .text._ZN4mbed7ManagedINS_3DirEEC2Ev  BUILD/NUCLEO_WB55RG/ARMC6/mbed-os/storage/filesystem/source/FileSystem.o
    0x08005068   0x0000000e   Code   RO        35961    .text._ZN4mbed7ManagedINS_3DirEED0Ev  BUILD/NUCLEO_WB55RG/ARMC6/mbed-os/storage/filesystem/source/FileSystem.o
    0x08005076   0x00000016   Code   RO        35959    .text._ZN4mbed7ManagedINS_4FileEE5closeEv  BUILD/NUCLEO_WB55RG/ARMC6/mbed-os/storage/filesystem/source/FileSystem.o
    0x0800508c   0x00000014   Code   RO        35939    .text._ZN4mbed7ManagedINS_4FileEEC2Ev  BUILD/NUCLEO_WB55RG/ARMC6/mbed-os/storage/filesystem/source/FileSystem.o
    0x080050a0   0x0000000e   Code   RO        35957    .text._ZN4mbed7ManagedINS_4FileEED0Ev  BUILD/NUCLEO_WB55RG/ARMC6/mbed-os/storage/filesystem/source/FileSystem.o
    0x080050ae   0x00000004   Code   RO           44    .text._ZN4mbed8CallbackIFvvEE11target_callINSt3__217reference_wrapperIN6events18UserAllocatedEventIPS1_S1_EEEEEEvPKNS_6detail12CallbackBaseE  BUILD/NUCLEO_WB55RG/ARMC6/main.o
    0x080050b2   0x00000004   Code   RO         7909    .text._ZN4mbed8CallbackIFvvEE11target_callIZNS2_C1IPN6events10EventQueueEMS6_FvvELi0EEET_T0_EUlvE_EEvPKNS_6detail12CallbackBaseE  BUILD/NUCLEO_WB55RG/ARMC6/mbed-os/connectivity/cellular/source/framework/device/CellularDevice.o
    0x080050b6   0x00000002   PAD
    0x080050b8   0x0000007c   Code   RO        33325    .text._ZN4mbed8FileBase6lookupEPKcj  BUILD/NUCLEO_WB55RG/ARMC6/mbed-os/platform/source/FileBase.o
    0x08005134   0x00000048   Code   RO        33315    .text._ZN4mbed8FileBaseC2EPKcNS_8PathTypeE  BUILD/NUCLEO_WB55RG/ARMC6/mbed-os/platform/source/FileBase.o
    0x0800517c   0x0000000e   Code   RO        33321    .text._ZN4mbed8FileBaseD0Ev  BUILD/NUCLEO_WB55RG/ARMC6/mbed-os/platform/source/FileBase.o
    0x0800518a   0x00000002   PAD
    0x0800518c   0x00000058   Code   RO        33317    .text._ZN4mbed8FileBaseD2Ev  BUILD/NUCLEO_WB55RG/ARMC6/mbed-os/platform/source/FileBase.o
    0x080051e4   0x00000018   Code   RO        33356    .text._ZN4mbed8FilePath10fileSystemEv  BUILD/NUCLEO_WB55RG/ARMC6/mbed-os/platform/source/FilePath.o
    0x080051fc   0x00000018   Code   RO        33354    .text._ZN4mbed8FilePath12isFileSystemEv  BUILD/NUCLEO_WB55RG/ARMC6/mbed-os/platform/source/FilePath.o
    0x08005214   0x00000018   Code   RO        33360    .text._ZN4mbed8FilePath4fileEv  BUILD/NUCLEO_WB55RG/ARMC6/mbed-os/platform/source/FilePath.o
    0x0800522c   0x0000000a   Code   RO        33362    .text._ZN4mbed8FilePath6existsEv  BUILD/NUCLEO_WB55RG/ARMC6/mbed-os/platform/source/FilePath.o
    0x08005236   0x00000016   Code   RO        33358    .text._ZN4mbed8FilePath6isFileEv  BUILD/NUCLEO_WB55RG/ARMC6/mbed-os/platform/source/FilePath.o
    0x0800524c   0x0000003c   Code   RO        33350    .text._ZN4mbed8FilePathC2EPKc  BUILD/NUCLEO_WB55RG/ARMC6/mbed-os/platform/source/FilePath.o
    0x08005288   0x0000001c   Code   RO        33897    .text._ZN4mbed8internal13init_os_timerEv  BUILD/NUCLEO_WB55RG/ARMC6/mbed-os/platform/source/mbed_os_timer.o
    0x080052a4   0x00000054   Code   RO        33905    .text._ZN4mbed8internal18do_sleep_operationINS0_18timed_predicate_opEEEvRT_  BUILD/NUCLEO_WB55RG/ARMC6/mbed-os/platform/source/mbed_os_timer.o
    0x080052f8   0x00000016   Code   RO        33917    .text._ZN4mbed8internal18timed_predicate_op13sleep_prepareEv  BUILD/NUCLEO_WB55RG/ARMC6/mbed-os/platform/source/mbed_os_timer.o
    0x0800530e   0x00000002   PAD
    0x08005310   0x00000010   Code   RO        33907    .text._ZN4mbed8internal18timed_predicate_opD2Ev  BUILD/NUCLEO_WB55RG/ARMC6/mbed-os/platform/source/mbed_os_timer.o
    0x08005320   0x0000002a   Code   RO        33899    .text._ZN4mbed8internal23do_timed_sleep_absoluteENSt3__26chrono10time_pointINS0_7OsClockENS2_8durationIxNS1_5ratioILx1ELx1000EEEEEEEPFbPvESA_  BUILD/NUCLEO_WB55RG/ARMC6/mbed-os/platform/source/mbed_os_timer.o
    0x0800534a   0x0000002e   Code   RO        33901    .text._ZN4mbed8internal45do_timed_sleep_relative_to_acknowledged_ticksENSt3__26chrono8durationIjNS1_5ratioILx1ELx1000EEEEEPFbPvES7_  BUILD/NUCLEO_WB55RG/ARMC6/mbed-os/platform/source/mbed_os_timer.o
    0x08005378   0x0000000c   Code   RO        33919    .text._ZN4mbed8internal7OsClock13set_wake_timeENSt3__26chrono10time_pointIS1_NS3_8durationIxNS2_5ratioILx1ELx1000EEEEEEE  BUILD/NUCLEO_WB55RG/ARMC6/mbed-os/platform/source/mbed_os_timer.o
    0x08005384   0x00000018   Code   RO        33913    .text._ZN4mbed8internal7OsClock14reported_ticksEv  BUILD/NUCLEO_WB55RG/ARMC6/mbed-os/platform/source/mbed_os_timer.o
    0x0800539c   0x00000020   Code   RO        33911    .text._ZN4mbed8internal7OsClock18acknowledged_ticksEv  BUILD/NUCLEO_WB55RG/ARMC6/mbed-os/platform/source/mbed_os_timer.o
    0x080053bc   0x0000001c   Code   RO        33909    .text._ZN4mbed8internal7OsClock18now_with_init_doneEv  BUILD/NUCLEO_WB55RG/ARMC6/mbed-os/platform/source/mbed_os_timer.o
    0x080053d8   0x00000018   Code   RO        33531    .text._ZN4mbed8internal8SysTimerINSt3__25ratioILx1ELx1000EEELb1EE10start_tickEv  BUILD/NUCLEO_WB55RG/ARMC6/mbed-os/platform/source/SysTimer.o
    0x080053f0   0x00000014   Code   RO        33515    .text._ZN4mbed8internal8SysTimerINSt3__25ratioILx1ELx1000EEELb1EE11cancel_tickEv  BUILD/NUCLEO_WB55RG/ARMC6/mbed-os/platform/source/SysTimer.o
    0x08005404   0x0000001a   Code   RO        33517    .text._ZN4mbed8internal8SysTimerINSt3__25ratioILx1ELx1000EEELb1EE11cancel_wakeEv  BUILD/NUCLEO_WB55RG/ARMC6/mbed-os/platform/source/SysTimer.o
    0x0800541e   0x00000076   Code   RO        33521    .text._ZN4mbed8internal8SysTimerINSt3__25ratioILx1ELx1000EEELb1EE13set_wake_timeENS2_6chrono10time_pointIS5_NS6_8durationIyS4_EEEE  BUILD/NUCLEO_WB55RG/ARMC6/mbed-os/platform/source/SysTimer.o
    0x08005494   0x00000004   Code   RO        33535    .text._ZN4mbed8internal8SysTimerINSt3__25ratioILx1ELx1000EEELb1EE14_schedule_tickEv  BUILD/NUCLEO_WB55RG/ARMC6/mbed-os/platform/source/SysTimer.o
    0x08005498   0x00000018   Code   RO        33537    .text._ZN4mbed8internal8SysTimerINSt3__25ratioILx1ELx1000EEELb1EE16acknowledge_tickEv  BUILD/NUCLEO_WB55RG/ARMC6/mbed-os/platform/source/SysTimer.o
    0x080054b0   0x00000012   Code   RO        33523    .text._ZN4mbed8internal8SysTimerINSt3__25ratioILx1ELx1000EEELb1EE19update_and_get_tickEv  BUILD/NUCLEO_WB55RG/ARMC6/mbed-os/platform/source/SysTimer.o
    0x080054c2   0x00000002   PAD
    0x080054c4   0x00000038   Code   RO        33551    .text._ZN4mbed8internal8SysTimerINSt3__25ratioILx1ELx1000EEELb1EE7handlerEv  BUILD/NUCLEO_WB55RG/ARMC6/mbed-os/platform/source/SysTimer.o
    0x080054fc   0x0000001c   Code   RO        33509    .text._ZN4mbed8internal8SysTimerINSt3__25ratioILx1ELx1000EEELb1EEC2EPK13ticker_data_t  BUILD/NUCLEO_WB55RG/ARMC6/mbed-os/platform/source/SysTimer.o
    0x08005518   0x00000014   Code   RO        35459    .text._ZN4mbedL11lfs_bd_progEPK10lfs_configjjPKvj  BUILD/NUCLEO_WB55RG/ARMC6/mbed-os/storage/filesystem/littlefs/source/LittleFileSystem.o
    0x0800552c   0x00000014   Code   RO        35457    .text._ZN4mbedL11lfs_bd_readEPK10lfs_configjjPvj  BUILD/NUCLEO_WB55RG/ARMC6/mbed-os/storage/filesystem/littlefs/source/LittleFileSystem.o
    0x08005540   0x00000008   Code   RO        35463    .text._ZN4mbedL11lfs_bd_syncEPK10lfs_config  BUILD/NUCLEO_WB55RG/ARMC6/mbed-os/storage/filesystem/littlefs/source/LittleFileSystem.o
    0x08005548   0x00000064   Code   RO        35465    .text._ZN4mbedL11lfs_toerrorEi  BUILD/NUCLEO_WB55RG/ARMC6/mbed-os/storage/filesystem/littlefs/source/LittleFileSystem.o
    0x080055ac   0x0000001a   Code   RO        35461    .text._ZN4mbedL12lfs_bd_eraseEPK10lfs_configj  BUILD/NUCLEO_WB55RG/ARMC6/mbed-os/storage/filesystem/littlefs/source/LittleFileSystem.o
    0x080055c6   0x0000000a   Code   RO        35483    .text._ZN4mbedL17lfs_statvfs_countEPvj  BUILD/NUCLEO_WB55RG/ARMC6/mbed-os/storage/filesystem/littlefs/source/LittleFileSystem.o
    0x080055d0   0x00000012   Code   RO         7915    .text._ZN4mstd4impl6INVOKEIN6events10EventQueueEFvvERKPS3_JEEENSt3__29enable_ifIXaaaasr3std11is_functionIT0_EE5valuentsr3std10is_base_ofIT_NS8_5decayIT1_E4typeEEE5valuentsr20is_reference_wrapperISF_EE5valueEDTcldsdeclsr3stdE7forwardISD_Efp0_Efp_spclsr3stdE7forwardIT2_Efp1_EEEE4typeEMSB_SA_OSD_DpOSG_  BUILD/NUCLEO_WB55RG/ARMC6/mbed-os/connectivity/cellular/source/framework/device/CellularDevice.o
    0x080055e2   0x00000006   Code   RO           46    .text._ZN4mstd4impl6INVOKEIRNSt3__217reference_wrapperIN6events18UserAllocatedEventIPFvvES6_EEEEJEEENS2_9enable_ifIXoontsr3std17is_member_pointerINS2_5decayIT_E4typeEEE5valueaasr3std24is_member_object_pointerISF_EE5valuenesZfp0_Li1EEDTclclsr3stdE7forwardISD_Efp_Espclsr3stdE7forwardIT0_Efp0_EEEE4typeEOSD_DpOSG_  BUILD/NUCLEO_WB55RG/ARMC6/main.o
    0x080055e8   0x0000000c   Code   RO         7913    .text._ZN4mstd6invokeIRKMN6events10EventQueueEFvvEJRKPS2_EEENS_13invoke_resultIT_JDpT0_EE4typeEOSB_DpOSC_  BUILD/NUCLEO_WB55RG/ARMC6/mbed-os/connectivity/cellular/source/framework/device/CellularDevice.o
    0x080055f4   0x0000001c   Code   RO        34410    .text._ZN4rtos10EventFlags11constructorEPKc  BUILD/NUCLEO_WB55RG/ARMC6/mbed-os/rtos/source/EventFlags.o
    0x08005610   0x00000010   Code   RO        34432    .text._ZN4rtos10EventFlags12wait_any_forEjNSt3__26chrono8durationIjNS1_5ratioILx1ELx1000EEEEEb  BUILD/NUCLEO_WB55RG/ARMC6/mbed-os/rtos/source/EventFlags.o
    0x08005620   0x00000006   Code   RO        34414    .text._ZN4rtos10EventFlags3setEj  BUILD/NUCLEO_WB55RG/ARMC6/mbed-os/rtos/source/EventFlags.o
    0x08005626   0x00000004   Code   RO        34430    .text._ZN4rtos10EventFlags8wait_anyEjjb  BUILD/NUCLEO_WB55RG/ARMC6/mbed-os/rtos/source/EventFlags.o
    0x0800562a   0x00000016   Code   RO        34424    .text._ZN4rtos10EventFlags8wait_forEjjNSt3__26chrono8durationIjNS1_5ratioILx1ELx1000EEEEEb  BUILD/NUCLEO_WB55RG/ARMC6/mbed-os/rtos/source/EventFlags.o
    0x08005640   0x0000000c   Code   RO        34412    .text._ZN4rtos10EventFlagsC2EPKc  BUILD/NUCLEO_WB55RG/ARMC6/mbed-os/rtos/source/EventFlags.o
    0x0800564c   0x00000044   Code   RO        34454    .text._ZN4rtos5Mutex11constructorEPKc  BUILD/NUCLEO_WB55RG/ARMC6/mbed-os/rtos/source/Mutex.o
    0x08005690   0x00000030   Code   RO        34458    .text._ZN4rtos5Mutex4lockEv  BUILD/NUCLEO_WB55RG/ARMC6/mbed-os/rtos/source/Mutex.o
    0x080056c0   0x0000002c   Code   RO        34470    .text._ZN4rtos5Mutex6unlockEv  BUILD/NUCLEO_WB55RG/ARMC6/mbed-os/rtos/source/Mutex.o
    0x080056ec   0x0000000e   Code   RO        34452    .text._ZN4rtos5MutexC2Ev  BUILD/NUCLEO_WB55RG/ARMC6/mbed-os/rtos/source/Mutex.o
    0x080056fa   0x0000000e   Code   RO        34474    .text._ZN4rtos5MutexD2Ev  BUILD/NUCLEO_WB55RG/ARMC6/mbed-os/rtos/source/Mutex.o
    0x08005708   0x0000002c   Code   RO        34442    .text._ZN4rtos6Kernel4impl14get_tick_countEv  BUILD/NUCLEO_WB55RG/ARMC6/mbed-os/rtos/source/Kernel.o
    0x08005734   0x00000016   Code   RO        34556    .text._ZN4rtos6Thread11constructorE12osPriority_tjPhPKc  BUILD/NUCLEO_WB55RG/ARMC6/mbed-os/rtos/source/Thread.o
    0x0800574a   0x00000002   PAD
    0x0800574c   0x0000007c   Code   RO        34554    .text._ZN4rtos6Thread11constructorEj12osPriority_tjPhPKc  BUILD/NUCLEO_WB55RG/ARMC6/mbed-os/rtos/source/Thread.o
    0x080057c8   0x000000c4   Code   RO        34558    .text._ZN4rtos6Thread5startEN4mbed8CallbackIFvvEEE  BUILD/NUCLEO_WB55RG/ARMC6/mbed-os/rtos/source/Thread.o
    0x0800588c   0x00000028   Code   RO        34560    .text._ZN4rtos6Thread6_thunkEPv  BUILD/NUCLEO_WB55RG/ARMC6/mbed-os/rtos/source/Thread.o
    0x080058b4   0x00000036   Code   RO        34562    .text._ZN4rtos6Thread9terminateEv  BUILD/NUCLEO_WB55RG/ARMC6/mbed-os/rtos/source/Thread.o
    0x080058ea   0x00000002   PAD
    0x080058ec   0x0000003c   Code   RO         7907    .text._ZN4rtos6ThreadC2E12osPriority_tjPhPKc  BUILD/NUCLEO_WB55RG/ARMC6/mbed-os/connectivity/cellular/source/framework/device/CellularDevice.o
    0x08005928   0x0000000e   Code   RO        34588    .text._ZN4rtos6ThreadD0Ev  BUILD/NUCLEO_WB55RG/ARMC6/mbed-os/rtos/source/Thread.o
    0x08005936   0x00000002   PAD
    0x08005938   0x0000003c   Code   RO        34586    .text._ZN4rtos6ThreadD2Ev  BUILD/NUCLEO_WB55RG/ARMC6/mbed-os/rtos/source/Thread.o
    0x08005974   0x00000020   Code   RO        34482    .text._ZN4rtos9Semaphore11constructorEit  BUILD/NUCLEO_WB55RG/ARMC6/mbed-os/rtos/source/Semaphore.o
    0x08005994   0x00000006   Code   RO        34498    .text._ZN4rtos9Semaphore7releaseEv  BUILD/NUCLEO_WB55RG/ARMC6/mbed-os/rtos/source/Semaphore.o
    0x0800599a   0x00000010   Code   RO        34480    .text._ZN4rtos9SemaphoreC2Ei  BUILD/NUCLEO_WB55RG/ARMC6/mbed-os/rtos/source/Semaphore.o
    0x080059aa   0x0000000c   Code   RO        34484    .text._ZN4rtos9SemaphoreC2Eit  BUILD/NUCLEO_WB55RG/ARMC6/mbed-os/rtos/source/Semaphore.o
    0x080059b6   0x0000000e   Code   RO        34500    .text._ZN4rtos9SemaphoreD2Ev  BUILD/NUCLEO_WB55RG/ARMC6/mbed-os/rtos/source/Semaphore.o
    0x080059c4   0x00000004   Code   RO           52    .text._ZN6events10EventQueue13function_callINS0_7contextIPFvvEJEEEEEvPv  BUILD/NUCLEO_WB55RG/ARMC6/main.o
    0x080059c8   0x00000008   Code   RO        32206    .text._ZN6events10EventQueue16dispatch_foreverEv  BUILD/NUCLEO_WB55RG/ARMC6/mbed-os/events/source/EventQueue.o
    0x080059d0   0x00000020   Code   RO        32198    .text._ZN6events10EventQueueC2EjPh  BUILD/NUCLEO_WB55RG/ARMC6/mbed-os/events/source/EventQueue.o
    0x080059f0   0x00000008   Code   RO           40    .text._ZN6events18UserAllocatedEventIPFvvES1_E10event_dtorEPv  BUILD/NUCLEO_WB55RG/ARMC6/main.o
    0x080059f8   0x0000003c   Code   RO           48    .text._ZN6events18UserAllocatedEventIPFvvES1_E4postEv  BUILD/NUCLEO_WB55RG/ARMC6/main.o
    0x08005a34   0x00000034   Code   RO        33959    .text._ZNK12DirectSerial4pollEs  BUILD/NUCLEO_WB55RG/ARMC6/mbed-os/platform/source/mbed_retarget.o
    0x08005a68   0x00000022   Code   RO        29374    .text._ZNK12SingletonPtrIN4rtos5MutexEE3getEv  BUILD/NUCLEO_WB55RG/ARMC6/mbed-os/connectivity/netsocket/source/nsapi_dns.o
    0x08005a8a   0x00000004   Code   RO        30934    .text._ZNK4mbed10FileHandle11is_blockingEv  BUILD/NUCLEO_WB55RG/ARMC6/mbed-os/drivers/source/UnbufferedSerial.o
    0x08005a8e   0x00000004   Code   RO        31814    .text._ZNK4mbed10FileHandle4pollEs  BUILD/NUCLEO_WB55RG/ARMC6/mbed-os/drivers/usb/source/USBKeyboard.o
    0x08005a92   0x0000006a   Code   RO        34649    .text._ZNK4mbed11BlockDevice13is_valid_readEyy  BUILD/NUCLEO_WB55RG/ARMC6/mbed-os/storage/blockdevice/source/BufferedBlockDevice.o
    0x08005afc   0x00000068   Code   RO        34653    .text._ZNK4mbed11BlockDevice14is_valid_eraseEyy  BUILD/NUCLEO_WB55RG/ARMC6/mbed-os/storage/blockdevice/source/BufferedBlockDevice.o
    0x08005b64   0x00000006   Code   RO        34823    .text._ZNK4mbed11BlockDevice15get_erase_valueEv  BUILD/NUCLEO_WB55RG/ARMC6/mbed-os/storage/blockdevice/source/HeapBlockDevice.o
    0x08005b6a   0x0000006a   Code   RO        34651    .text._ZNK4mbed11BlockDevice16is_valid_programEyy  BUILD/NUCLEO_WB55RG/ARMC6/mbed-os/storage/blockdevice/source/BufferedBlockDevice.o
    0x08005bd4   0x00000006   Code   RO        34799    .text._ZNK4mbed15HeapBlockDevice13get_read_sizeEv  BUILD/NUCLEO_WB55RG/ARMC6/mbed-os/storage/blockdevice/source/HeapBlockDevice.o
    0x08005bda   0x00000006   Code   RO        34803    .text._ZNK4mbed15HeapBlockDevice14get_erase_sizeEv  BUILD/NUCLEO_WB55RG/ARMC6/mbed-os/storage/blockdevice/source/HeapBlockDevice.o
    0x08005be0   0x00000006   Code   RO        34805    .text._ZNK4mbed15HeapBlockDevice14get_erase_sizeEy  BUILD/NUCLEO_WB55RG/ARMC6/mbed-os/storage/blockdevice/source/HeapBlockDevice.o
    0x08005be6   0x00000006   Code   RO        34801    .text._ZNK4mbed15HeapBlockDevice16get_program_sizeEv  BUILD/NUCLEO_WB55RG/ARMC6/mbed-os/storage/blockdevice/source/HeapBlockDevice.o
    0x08005bec   0x00000016   Code   RO        34807    .text._ZNK4mbed15HeapBlockDevice4sizeEv  BUILD/NUCLEO_WB55RG/ARMC6/mbed-os/storage/blockdevice/source/HeapBlockDevice.o
    0x08005c02   0x00000002   PAD
    0x08005c04   0x0000000c   Code   RO        34815    .text._ZNK4mbed15HeapBlockDevice8get_typeEv  BUILD/NUCLEO_WB55RG/ARMC6/mbed-os/storage/blockdevice/source/HeapBlockDevice.o
    0x08005c10   0x00000010   Code   RO        33511    .text._ZNK4mbed15TickerDataClock3nowEv  BUILD/NUCLEO_WB55RG/ARMC6/mbed-os/platform/source/SysTimer.o
    0x08005c20   0x00000048   Code   RO        35541    .text._ZNK4mbed4impl7MbedCRCILj79764919ELh32ELNS_7CrcModeE1EE18do_compute_partialILS2_1EEENSt3__29enable_ifIXeqT_LS2_1EEiE4typeEPKhjPj  BUILD/NUCLEO_WB55RG/ARMC6/mbed-os/storage/filesystem/littlefs/source/LittleFileSystem.o
    0x08005c68   0x00000024   Code   RO        33915    .text._ZNK4mbed8internal18timed_predicate_op14wake_conditionEv  BUILD/NUCLEO_WB55RG/ARMC6/mbed-os/platform/source/mbed_os_timer.o
    0x08005c8c   0x0000003a   Code   RO        33545    .text._ZNK4mbed8internal8SysTimerINSt3__25ratioILx1ELx1000EEELb1EE14_elapsed_ticksEv  BUILD/NUCLEO_WB55RG/ARMC6/mbed-os/platform/source/SysTimer.o
    0x08005cc6   0x0000000c   Code   RO        33525    .text._ZNK4mbed8internal8SysTimerINSt3__25ratioILx1ELx1000EEELb1EE8get_tickEv  BUILD/NUCLEO_WB55RG/ARMC6/mbed-os/platform/source/SysTimer.o
    0x08005cd2   0x0000000a   Code   RO        33549    .text._ZNK4mbed8internal8SysTimerINSt3__25ratioILx1ELx1000EEELb1EE8get_timeEv  BUILD/NUCLEO_WB55RG/ARMC6/mbed-os/platform/source/SysTimer.o
    0x08005cdc   0x0000006a   Code   RO        34572    .text._ZNK4rtos6Thread9get_stateEv  BUILD/NUCLEO_WB55RG/ARMC6/mbed-os/rtos/source/Thread.o
    0x08005d46   0x00000018   Code   RO        41725    .text._ZNSt3__212basic_stringIcNS_11char_traitsIcEENS_9allocatorIcEEED2Ev  c:\ProgramData\Mbed Studio\mbed-studio-tools\ac6\bin\..\lib\libcxx\libcpp_w.l(string.cpp.o)
    0x08005d5e   0x000002d8   Code   RO        42137    .text._ZNSt3__26__itoa8__u32toaEjPc  c:\ProgramData\Mbed Studio\mbed-studio-tools\ac6\bin\..\lib\libcxx\libcpp_w.l(charconv.cpp.o)
    0x08006036   0x000000b6   Code   RO        41658    .text._ZNSt3__29to_stringEi  c:\ProgramData\Mbed Studio\mbed-studio-tools\ac6\bin\..\lib\libcxx\libcpp_w.l(string.cpp.o)
    0x080060ec   0x00000002   Code   RO        35949    .text._ZThn4_N4mbed10FileSystemD0Ev  BUILD/NUCLEO_WB55RG/ARMC6/mbed-os/storage/filesystem/source/FileSystem.o
    0x080060ee   0x00000004   Code   RO        35947    .text._ZThn4_N4mbed10FileSystemD1Ev  BUILD/NUCLEO_WB55RG/ARMC6/mbed-os/storage/filesystem/source/FileSystem.o
    0x080060f2   0x00000002   Code   RO        35955    .text._ZThn4_N4mbed14FileSystemLikeD0Ev  BUILD/NUCLEO_WB55RG/ARMC6/mbed-os/storage/filesystem/source/FileSystem.o
    0x080060f4   0x00000004   Code   RO        35953    .text._ZThn4_N4mbed14FileSystemLikeD1Ev  BUILD/NUCLEO_WB55RG/ARMC6/mbed-os/storage/filesystem/source/FileSystem.o
    0x080060f8   0x00000006   Code   RO        35453    .text._ZThn4_N4mbed16LittleFileSystemD0Ev  BUILD/NUCLEO_WB55RG/ARMC6/mbed-os/storage/filesystem/littlefs/source/LittleFileSystem.o
    0x080060fe   0x00000006   Code   RO        35449    .text._ZThn4_N4mbed16LittleFileSystemD1Ev  BUILD/NUCLEO_WB55RG/ARMC6/mbed-os/storage/filesystem/littlefs/source/LittleFileSystem.o
    0x08006104   0x00000008   Code   RO         7911    .text._ZZN4mbed8CallbackIFvvEEC1IPN6events10EventQueueEMS5_FvvELi0EEET_T0_ENKUlvE_clEv  BUILD/NUCLEO_WB55RG/ARMC6/mbed-os/connectivity/cellular/source/framework/device/CellularDevice.o
    0x0800610c   0x00000004   Code   RO        34107    .text._ZdaPv        BUILD/NUCLEO_WB55RG/ARMC6/mbed-os/platform/source/mbed_retarget.o
    0x08006110   0x00000004   Code   RO        34047    .text._ZdlPv        BUILD/NUCLEO_WB55RG/ARMC6/mbed-os/platform/source/mbed_retarget.o
    0x08006114   0x00000004   Code   RO        34103    .text._ZnajRKSt9nothrow_t  BUILD/NUCLEO_WB55RG/ARMC6/mbed-os/platform/source/mbed_retarget.o
    0x08006118   0x00000020   Code   RO        34099    .text._Znwj         BUILD/NUCLEO_WB55RG/ARMC6/mbed-os/platform/source/mbed_retarget.o
    0x08006138   0x0000002e   Code   RO        34089    .text.__cxa_guard_acquire  BUILD/NUCLEO_WB55RG/ARMC6/mbed-os/platform/source/mbed_retarget.o
    0x08006166   0x0000000e   Code   RO        34095    .text.__cxa_guard_release  BUILD/NUCLEO_WB55RG/ARMC6/mbed-os/platform/source/mbed_retarget.o
    0x08006174   0x00000028   Code   RO        41914    .text.__cxa_pure_virtual  c:\ProgramData\Mbed Studio\mbed-studio-tools\ac6\bin\..\lib\libcxx\libcppabi_w.l(cxa_virtual.cpp.o)
    0x0800619c   0x00000038   Code   RO          676    .text.__rt_entry    BUILD/NUCLEO_WB55RG/ARMC6/mbed-os/cmsis/device/rtos/TOOLCHAIN_ARM_STD/mbed_boot_arm_std.o
    0x080061d4   0x0000004c   Code   RO          680    .text.__user_perthread_libspace  BUILD/NUCLEO_WB55RG/ARMC6/mbed-os/cmsis/device/rtos/TOOLCHAIN_ARM_STD/mbed_boot_arm_std.o
    0x08006220   0x00000004   Code   RO        34025    .text.__user_setup_stackheap  BUILD/NUCLEO_WB55RG/ARMC6/mbed-os/platform/source/mbed_retarget.o
    0x08006224   0x00000026   Code   RO        32974    .text._gpio_init_in  BUILD/NUCLEO_WB55RG/ARMC6/mbed-os/hal/source/mbed_gpio.o
    0x0800624a   0x00000036   Code   RO        32980    .text._gpio_init_out  BUILD/NUCLEO_WB55RG/ARMC6/mbed-os/hal/source/mbed_gpio.o
    0x08006280   0x0000002c   Code   RO        34021    .text._mbed_user_setup_stackheap  BUILD/NUCLEO_WB55RG/ARMC6/mbed-os/platform/source/mbed_retarget.o
    0x080062ac   0x0000001a   Code   RO          686    .text._mutex_acquire  BUILD/NUCLEO_WB55RG/ARMC6/mbed-os/cmsis/device/rtos/TOOLCHAIN_ARM_STD/mbed_boot_arm_std.o
    0x080062c6   0x00000002   PAD
    0x080062c8   0x00000044   Code   RO          690    .text._mutex_free   BUILD/NUCLEO_WB55RG/ARMC6/mbed-os/cmsis/device/rtos/TOOLCHAIN_ARM_STD/mbed_boot_arm_std.o
    0x0800630c   0x0000009c   Code   RO          684    .text._mutex_initialize  BUILD/NUCLEO_WB55RG/ARMC6/mbed-os/cmsis/device/rtos/TOOLCHAIN_ARM_STD/mbed_boot_arm_std.o
    0x080063a8   0x00000016   Code   RO          688    .text._mutex_release  BUILD/NUCLEO_WB55RG/ARMC6/mbed-os/cmsis/device/rtos/TOOLCHAIN_ARM_STD/mbed_boot_arm_std.o
    0x080063be   0x00000004   Code   RO          256    .text._platform_post_stackheap_init  BUILD/NUCLEO_WB55RG/ARMC6/mbed-os/cmsis/CMSIS_5/CMSIS/RTOS2/RTX/Source/rtx_lib.o
    0x080063c2   0x00000004   Code   RO        33989    .text._sys_close    BUILD/NUCLEO_WB55RG/ARMC6/mbed-os/platform/source/mbed_retarget.o
    0x080063c6   0x00000002   Code   RO        33999    .text._sys_exit     BUILD/NUCLEO_WB55RG/ARMC6/mbed-os/platform/source/mbed_retarget.o
    0x080063c8   0x00000026   Code   RO        34019    .text._sys_flen     BUILD/NUCLEO_WB55RG/ARMC6/mbed-os/platform/source/mbed_retarget.o
    0x080063ee   0x00000004   Code   RO        34007    .text._sys_istty    BUILD/NUCLEO_WB55RG/ARMC6/mbed-os/platform/source/mbed_retarget.o
    0x080063f2   0x00000002   PAD
    0x080063f4   0x00000084   Code   RO        33983    .text._sys_open     BUILD/NUCLEO_WB55RG/ARMC6/mbed-os/platform/source/mbed_retarget.o
    0x08006478   0x00000090   Code   RO        34003    .text._sys_read     BUILD/NUCLEO_WB55RG/ARMC6/mbed-os/platform/source/mbed_retarget.o
    0x08006508   0x00000006   Code   RO        34009    .text._sys_seek     BUILD/NUCLEO_WB55RG/ARMC6/mbed-os/platform/source/mbed_retarget.o
    0x0800650e   0x00000002   PAD
    0x08006510   0x000000c0   Code   RO        33993    .text._sys_write    BUILD/NUCLEO_WB55RG/ARMC6/mbed-os/platform/source/mbed_retarget.o
    0x080065d0   0x00000014   Code   RO        34001    .text._ttywrch      BUILD/NUCLEO_WB55RG/ARMC6/mbed-os/platform/source/mbed_retarget.o
    0x080065e4   0x0000001e   Code   RO        34208    .text._wait_us_generic  BUILD/NUCLEO_WB55RG/ARMC6/mbed-os/platform/source/mbed_wait_api_no_rtos.o
    0x08006602   0x00000004   Code   RO        42199    .text.abort_message  c:\ProgramData\Mbed Studio\mbed-studio-tools\ac6\bin\..\lib\libcxx\libcppabi_w.l(abort_message.cpp.o)
    0x08006606   0x00000002   Code   RO        33100    .text.block_us_ticker_free  BUILD/NUCLEO_WB55RG/ARMC6/mbed-os/hal/source/mbed_us_ticker_api.o
    0x08006608   0x00000038   Code   RO        33991    .text.close         BUILD/NUCLEO_WB55RG/ARMC6/mbed-os/platform/source/mbed_retarget.o
    0x08006640   0x0000000c   Code   RO        33788    .text.core_util_are_interrupts_enabled  BUILD/NUCLEO_WB55RG/ARMC6/mbed-os/platform/source/mbed_critical.o
    0x0800664c   0x00000012   Code   RO        33691    .text.core_util_atomic_decr_u16  BUILD/NUCLEO_WB55RG/ARMC6/mbed-os/platform/source/mbed_atomic_impl.o
    0x0800665e   0x00000012   Code   RO        33693    .text.core_util_atomic_decr_u32  BUILD/NUCLEO_WB55RG/ARMC6/mbed-os/platform/source/mbed_atomic_impl.o
    0x08006670   0x00000012   Code   RO        33689    .text.core_util_atomic_decr_u8  BUILD/NUCLEO_WB55RG/ARMC6/mbed-os/platform/source/mbed_atomic_impl.o
    0x08006682   0x00000010   Code   RO        33677    .text.core_util_atomic_exchange_u8  BUILD/NUCLEO_WB55RG/ARMC6/mbed-os/platform/source/mbed_atomic_impl.o
    0x08006692   0x00000014   Code   RO        33675    .text.core_util_atomic_flag_test_and_set  BUILD/NUCLEO_WB55RG/ARMC6/mbed-os/platform/source/mbed_atomic_impl.o
    0x080066a6   0x00000012   Code   RO        33685    .text.core_util_atomic_incr_u16  BUILD/NUCLEO_WB55RG/ARMC6/mbed-os/platform/source/mbed_atomic_impl.o
    0x080066b8   0x00000012   Code   RO        33687    .text.core_util_atomic_incr_u32  BUILD/NUCLEO_WB55RG/ARMC6/mbed-os/platform/source/mbed_atomic_impl.o
    0x080066ca   0x00000012   Code   RO        33683    .text.core_util_atomic_incr_u8  BUILD/NUCLEO_WB55RG/ARMC6/mbed-os/platform/source/mbed_atomic_impl.o
    0x080066dc   0x00000016   Code   RO        33737    .text.core_util_atomic_load_u64  BUILD/NUCLEO_WB55RG/ARMC6/mbed-os/platform/source/mbed_atomic_impl.o
    0x080066f2   0x00000002   PAD
    0x080066f4   0x00000010   Code   RO        33794    .text.core_util_critical_section_enter  BUILD/NUCLEO_WB55RG/ARMC6/mbed-os/platform/source/mbed_critical.o
    0x08006704   0x00000018   Code   RO        33796    .text.core_util_critical_section_exit  BUILD/NUCLEO_WB55RG/ARMC6/mbed-os/platform/source/mbed_critical.o
    0x0800671c   0x0000000c   Code   RO        33790    .text.core_util_is_isr_active  BUILD/NUCLEO_WB55RG/ARMC6/mbed-os/platform/source/mbed_critical.o
    0x08006728   0x00000024   Code   RO        32226    .text.equeue_create  BUILD/NUCLEO_WB55RG/ARMC6/mbed-os/events/source/equeue.o
    0x0800674c   0x00000072   Code   RO        32228    .text.equeue_create_inplace  BUILD/NUCLEO_WB55RG/ARMC6/mbed-os/events/source/equeue.o
    0x080067be   0x0000006e   Code   RO        32234    .text.equeue_dealloc  BUILD/NUCLEO_WB55RG/ARMC6/mbed-os/events/source/equeue.o
    0x0800682c   0x00000174   Code   RO        32254    .text.equeue_dispatch  BUILD/NUCLEO_WB55RG/ARMC6/mbed-os/events/source/equeue.o
    0x080069a0   0x0000009e   Code   RO        32236    .text.equeue_enqueue  BUILD/NUCLEO_WB55RG/ARMC6/mbed-os/events/source/equeue.o
    0x08006a3e   0x00000004   Code   RO        32294    .text.equeue_mutex_lock  BUILD/NUCLEO_WB55RG/ARMC6/mbed-os/events/source/equeue_mbed.o
    0x08006a42   0x00000004   Code   RO        32296    .text.equeue_mutex_unlock  BUILD/NUCLEO_WB55RG/ARMC6/mbed-os/events/source/equeue_mbed.o
    0x08006a46   0x00000028   Code   RO        32240    .text.equeue_post_user_allocated  BUILD/NUCLEO_WB55RG/ARMC6/mbed-os/events/source/equeue.o
    0x08006a6e   0x00000002   PAD
    0x08006a70   0x00000014   Code   RO        32298    .text.equeue_sema_create  BUILD/NUCLEO_WB55RG/ARMC6/mbed-os/events/source/equeue_mbed.o
    0x08006a84   0x00000006   Code   RO        32302    .text.equeue_sema_signal  BUILD/NUCLEO_WB55RG/ARMC6/mbed-os/events/source/equeue_mbed.o
    0x08006a8a   0x00000018   Code   RO        32304    .text.equeue_sema_wait  BUILD/NUCLEO_WB55RG/ARMC6/mbed-os/events/source/equeue_mbed.o
    0x08006aa2   0x00000002   PAD
    0x08006aa4   0x0000002c   Code   RO        32288    .text.equeue_tick   BUILD/NUCLEO_WB55RG/ARMC6/mbed-os/events/source/equeue_mbed.o
    0x08006ad0   0x00000004   Code   RO        32286    .text.equeue_tick_init  BUILD/NUCLEO_WB55RG/ARMC6/mbed-os/events/source/equeue_mbed.o
    0x08006ad4   0x00000024   Code   RO        33801    .text.error         BUILD/NUCLEO_WB55RG/ARMC6/mbed-os/platform/source/mbed_error.o
    0x08006af8   0x0000001c   Code   RO        33084    .text.exact_log2    BUILD/NUCLEO_WB55RG/ARMC6/mbed-os/hal/source/mbed_ticker_api.o
    0x08006b14   0x0000002c   Code   RO        34065    .text.exit          BUILD/NUCLEO_WB55RG/ARMC6/mbed-os/platform/source/mbed_retarget.o
    0x08006b40   0x00000028   Code   RO        34017    .text.fsync         BUILD/NUCLEO_WB55RG/ARMC6/mbed-os/platform/source/mbed_retarget.o
    0x08006b68   0x00000008   Code   RO        32996    .text.get_lp_ticker_data  BUILD/NUCLEO_WB55RG/ARMC6/mbed-os/hal/source/mbed_lp_ticker_api.o
    0x08006b70   0x00000008   Code   RO        33094    .text.get_us_ticker_data  BUILD/NUCLEO_WB55RG/ARMC6/mbed-os/hal/source/mbed_us_ticker_api.o
    0x08006b78   0x0000002a   Code   RO        40832    .text.gpio_dir      BUILD/NUCLEO_WB55RG/ARMC6/mbed-os/targets/TARGET_STM/gpio_api.o
    0x08006ba2   0x00000002   PAD
    0x08006ba4   0x00000048   Code   RO        40828    .text.gpio_init     BUILD/NUCLEO_WB55RG/ARMC6/mbed-os/targets/TARGET_STM/gpio_api.o
    0x08006bec   0x00000006   Code   RO        32970    .text.gpio_init_in  BUILD/NUCLEO_WB55RG/ARMC6/mbed-os/hal/source/mbed_gpio.o
    0x08006bf2   0x00000006   Code   RO        32976    .text.gpio_init_out  BUILD/NUCLEO_WB55RG/ARMC6/mbed-os/hal/source/mbed_gpio.o
    0x08006bf8   0x00000008   Code   RO        32978    .text.gpio_init_out_ex  BUILD/NUCLEO_WB55RG/ARMC6/mbed-os/hal/source/mbed_gpio.o
    0x08006c00   0x00000006   Code   RO        40842    .text.gpio_irq0     BUILD/NUCLEO_WB55RG/ARMC6/mbed-os/targets/TARGET_STM/gpio_irq_api.o
    0x08006c06   0x00000006   Code   RO        40844    .text.gpio_irq1     BUILD/NUCLEO_WB55RG/ARMC6/mbed-os/targets/TARGET_STM/gpio_irq_api.o
    0x08006c0c   0x00000006   Code   RO        40846    .text.gpio_irq2     BUILD/NUCLEO_WB55RG/ARMC6/mbed-os/targets/TARGET_STM/gpio_irq_api.o
    0x08006c12   0x00000006   Code   RO        40848    .text.gpio_irq3     BUILD/NUCLEO_WB55RG/ARMC6/mbed-os/targets/TARGET_STM/gpio_irq_api.o
    0x08006c18   0x00000006   Code   RO        40850    .text.gpio_irq4     BUILD/NUCLEO_WB55RG/ARMC6/mbed-os/targets/TARGET_STM/gpio_irq_api.o
    0x08006c1e   0x00000008   Code   RO        40852    .text.gpio_irq5     BUILD/NUCLEO_WB55RG/ARMC6/mbed-os/targets/TARGET_STM/gpio_irq_api.o
    0x08006c26   0x00000008   Code   RO        40854    .text.gpio_irq6     BUILD/NUCLEO_WB55RG/ARMC6/mbed-os/targets/TARGET_STM/gpio_irq_api.o
    0x08006c2e   0x00000002   PAD
    0x08006c30   0x000000a8   Code   RO        40860    .text.gpio_irq_disable  BUILD/NUCLEO_WB55RG/ARMC6/mbed-os/targets/TARGET_STM/gpio_irq_api.o
    0x08006cd8   0x0000008c   Code   RO        40856    .text.gpio_irq_enable  BUILD/NUCLEO_WB55RG/ARMC6/mbed-os/targets/TARGET_STM/gpio_irq_api.o
    0x08006d64   0x00000064   Code   RO        40858    .text.gpio_irq_free  BUILD/NUCLEO_WB55RG/ARMC6/mbed-os/targets/TARGET_STM/gpio_irq_api.o
    0x08006dc8   0x00000160   Code   RO        40840    .text.gpio_irq_init  BUILD/NUCLEO_WB55RG/ARMC6/mbed-os/targets/TARGET_STM/gpio_irq_api.o
    0x08006f28   0x00000068   Code   RO        40862    .text.gpio_irq_set  BUILD/NUCLEO_WB55RG/ARMC6/mbed-os/targets/TARGET_STM/gpio_irq_api.o
    0x08006f90   0x00000008   Code   RO        40830    .text.gpio_mode     BUILD/NUCLEO_WB55RG/ARMC6/mbed-os/targets/TARGET_STM/gpio_api.o
    0x08006f98   0x00000018   Code   RO        40826    .text.gpio_set      BUILD/NUCLEO_WB55RG/ARMC6/mbed-os/targets/TARGET_STM/gpio_api.o
    0x08006fb0   0x00000018   Code   RO        32957    .text.hal_critical_section_enter  BUILD/NUCLEO_WB55RG/ARMC6/mbed-os/hal/source/mbed_critical_section_api.o
    0x08006fc8   0x00000014   Code   RO        32959    .text.hal_critical_section_exit  BUILD/NUCLEO_WB55RG/ARMC6/mbed-os/hal/source/mbed_critical_section_api.o
    0x08006fdc   0x00000038   Code   RO        40719    .text.hal_deepsleep  BUILD/NUCLEO_WB55RG/ARMC6/mbed-os/targets/TARGET_STM/TARGET_STM32WB/wb_sleep.o
    0x08007014   0x00000020   Code   RO        41146    .text.hal_sleep     BUILD/NUCLEO_WB55RG/ARMC6/mbed-os/targets/TARGET_STM/sleep.o
    0x08007034   0x00000094   Code   RO        33803    .text.handle_error  BUILD/NUCLEO_WB55RG/ARMC6/mbed-os/platform/source/mbed_error.o
    0x080070c8   0x000000b4   Code   RO        40864    .text.handle_interrupt_in  BUILD/NUCLEO_WB55RG/ARMC6/mbed-os/targets/TARGET_STM/gpio_irq_api.o
    0x0800717c   0x000000a0   Code   RO        41239    .text.init_16bit_timer  BUILD/NUCLEO_WB55RG/ARMC6/mbed-os/targets/TARGET_STM/us_ticker.o
    0x0800721c   0x00000090   Code   RO        41115    .text.init_uart     BUILD/NUCLEO_WB55RG/ARMC6/mbed-os/targets/TARGET_STM/serial_api.o
    0x080072ac   0x000000e4   Code   RO        33056    .text.initialize    BUILD/NUCLEO_WB55RG/ARMC6/mbed-os/hal/source/mbed_ticker_api.o
    0x08007390   0x00000050   Code   RO        33066    .text.insert_event  BUILD/NUCLEO_WB55RG/ARMC6/mbed-os/hal/source/mbed_ticker_api.o
    0x080073e0   0x00000028   Code   RO        33977    .text.isatty        BUILD/NUCLEO_WB55RG/ARMC6/mbed-os/platform/source/mbed_retarget.o
    0x08007408   0x000000c8   Code   RO        35413    .text.lfs_alloc     BUILD/NUCLEO_WB55RG/ARMC6/mbed-os/storage/filesystem/littlefs/littlefs/lfs.o
    0x080074d0   0x00000036   Code   RO        35415    .text.lfs_alloc_lookahead  BUILD/NUCLEO_WB55RG/ARMC6/mbed-os/storage/filesystem/littlefs/littlefs/lfs.o
    0x08007506   0x00000048   Code   RO        35419    .text.lfs_bd_crc    BUILD/NUCLEO_WB55RG/ARMC6/mbed-os/storage/filesystem/littlefs/littlefs/lfs.o
    0x0800754e   0x00000012   Code   RO        35417    .text.lfs_bd_prog   BUILD/NUCLEO_WB55RG/ARMC6/mbed-os/storage/filesystem/littlefs/littlefs/lfs.o
    0x08007560   0x00000012   Code   RO        35341    .text.lfs_bd_read   BUILD/NUCLEO_WB55RG/ARMC6/mbed-os/storage/filesystem/littlefs/littlefs/lfs.o
    0x08007572   0x0000004a   Code   RO        35411    .text.lfs_cache_cmp  BUILD/NUCLEO_WB55RG/ARMC6/mbed-os/storage/filesystem/littlefs/littlefs/lfs.o
    0x080075bc   0x00000062   Code   RO        35421    .text.lfs_cache_flush  BUILD/NUCLEO_WB55RG/ARMC6/mbed-os/storage/filesystem/littlefs/littlefs/lfs.o
    0x0800761e   0x000000ea   Code   RO        35369    .text.lfs_cache_prog  BUILD/NUCLEO_WB55RG/ARMC6/mbed-os/storage/filesystem/littlefs/littlefs/lfs.o
    0x08007708   0x000000e2   Code   RO        35365    .text.lfs_cache_read  BUILD/NUCLEO_WB55RG/ARMC6/mbed-os/storage/filesystem/littlefs/littlefs/lfs.o
    0x080077ea   0x0000001c   Code   RO        35443    .text.lfs_crc       BUILD/NUCLEO_WB55RG/ARMC6/mbed-os/storage/filesystem/littlefs/source/LittleFileSystem.o
    0x08007806   0x00000090   Code   RO        35363    .text.lfs_ctz_find  BUILD/NUCLEO_WB55RG/ARMC6/mbed-os/storage/filesystem/littlefs/littlefs/lfs.o
    0x08007896   0x00000078   Code   RO        35423    .text.lfs_ctz_index  BUILD/NUCLEO_WB55RG/ARMC6/mbed-os/storage/filesystem/littlefs/littlefs/lfs.o
    0x0800790e   0x0000008a   Code   RO        35407    .text.lfs_ctz_traverse  BUILD/NUCLEO_WB55RG/ARMC6/mbed-os/storage/filesystem/littlefs/littlefs/lfs.o
    0x08007998   0x0000002e   Code   RO        35399    .text.lfs_deinit    BUILD/NUCLEO_WB55RG/ARMC6/mbed-os/storage/filesystem/littlefs/littlefs/lfs.o
    0x080079c6   0x0000016c   Code   RO        35319    .text.lfs_deorphan  BUILD/NUCLEO_WB55RG/ARMC6/mbed-os/storage/filesystem/littlefs/littlefs/lfs.o
    0x08007b32   0x00000052   Code   RO        35323    .text.lfs_dir_alloc  BUILD/NUCLEO_WB55RG/ARMC6/mbed-os/storage/filesystem/littlefs/littlefs/lfs.o
    0x08007b84   0x000000ce   Code   RO        35327    .text.lfs_dir_append  BUILD/NUCLEO_WB55RG/ARMC6/mbed-os/storage/filesystem/littlefs/littlefs/lfs.o
    0x08007c52   0x00000014   Code   RO        35333    .text.lfs_dir_close  BUILD/NUCLEO_WB55RG/ARMC6/mbed-os/storage/filesystem/littlefs/littlefs/lfs.o
    0x08007c66   0x000002fe   Code   RO        35325    .text.lfs_dir_commit  BUILD/NUCLEO_WB55RG/ARMC6/mbed-os/storage/filesystem/littlefs/littlefs/lfs.o
    0x08007f64   0x000000ee   Code   RO        35331    .text.lfs_dir_fetch  BUILD/NUCLEO_WB55RG/ARMC6/mbed-os/storage/filesystem/littlefs/littlefs/lfs.o
    0x08008052   0x00000002   PAD
    0x08008054   0x00000174   Code   RO        35321    .text.lfs_dir_find  BUILD/NUCLEO_WB55RG/ARMC6/mbed-os/storage/filesystem/littlefs/littlefs/lfs.o
    0x080081c8   0x0000006c   Code   RO        35337    .text.lfs_dir_next  BUILD/NUCLEO_WB55RG/ARMC6/mbed-os/storage/filesystem/littlefs/littlefs/lfs.o
    0x08008234   0x00000058   Code   RO        35329    .text.lfs_dir_open  BUILD/NUCLEO_WB55RG/ARMC6/mbed-os/storage/filesystem/littlefs/littlefs/lfs.o
    0x0800828c   0x000000d4   Code   RO        35335    .text.lfs_dir_read  BUILD/NUCLEO_WB55RG/ARMC6/mbed-os/storage/filesystem/littlefs/littlefs/lfs.o
    0x08008360   0x000000f8   Code   RO        35389    .text.lfs_dir_remove  BUILD/NUCLEO_WB55RG/ARMC6/mbed-os/storage/filesystem/littlefs/littlefs/lfs.o
    0x08008458   0x00000022   Code   RO        35345    .text.lfs_dir_rewind  BUILD/NUCLEO_WB55RG/ARMC6/mbed-os/storage/filesystem/littlefs/littlefs/lfs.o
    0x0800847a   0x0000004c   Code   RO        35343    .text.lfs_dir_seek  BUILD/NUCLEO_WB55RG/ARMC6/mbed-os/storage/filesystem/littlefs/littlefs/lfs.o
    0x080084c6   0x00000034   Code   RO        35359    .text.lfs_dir_update  BUILD/NUCLEO_WB55RG/ARMC6/mbed-os/storage/filesystem/littlefs/littlefs/lfs.o
    0x080084fa   0x00000036   Code   RO        35353    .text.lfs_file_close  BUILD/NUCLEO_WB55RG/ARMC6/mbed-os/storage/filesystem/littlefs/littlefs/lfs.o
    0x08008530   0x000000e2   Code   RO        35357    .text.lfs_file_flush  BUILD/NUCLEO_WB55RG/ARMC6/mbed-os/storage/filesystem/littlefs/littlefs/lfs.o
    0x08008612   0x0000000c   Code   RO        35351    .text.lfs_file_open  BUILD/NUCLEO_WB55RG/ARMC6/mbed-os/storage/filesystem/littlefs/littlefs/lfs.o
    0x0800861e   0x00000138   Code   RO        35349    .text.lfs_file_opencfg  BUILD/NUCLEO_WB55RG/ARMC6/mbed-os/storage/filesystem/littlefs/littlefs/lfs.o
    0x08008756   0x000000be   Code   RO        35361    .text.lfs_file_read  BUILD/NUCLEO_WB55RG/ARMC6/mbed-os/storage/filesystem/littlefs/littlefs/lfs.o
    0x08008814   0x000000a8   Code   RO        35371    .text.lfs_file_relocate  BUILD/NUCLEO_WB55RG/ARMC6/mbed-os/storage/filesystem/littlefs/littlefs/lfs.o
    0x080088bc   0x00000034   Code   RO        35373    .text.lfs_file_seek  BUILD/NUCLEO_WB55RG/ARMC6/mbed-os/storage/filesystem/littlefs/littlefs/lfs.o
    0x080088f0   0x00000016   Code   RO        35377    .text.lfs_file_size  BUILD/NUCLEO_WB55RG/ARMC6/mbed-os/storage/filesystem/littlefs/littlefs/lfs.o
    0x08008906   0x0000007c   Code   RO        35355    .text.lfs_file_sync  BUILD/NUCLEO_WB55RG/ARMC6/mbed-os/storage/filesystem/littlefs/littlefs/lfs.o
    0x08008982   0x000000c0   Code   RO        35375    .text.lfs_file_truncate  BUILD/NUCLEO_WB55RG/ARMC6/mbed-os/storage/filesystem/littlefs/littlefs/lfs.o
    0x08008a42   0x00000304   Code   RO        35367    .text.lfs_file_write  BUILD/NUCLEO_WB55RG/ARMC6/mbed-os/storage/filesystem/littlefs/littlefs/lfs.o
    0x08008d46   0x00000002   PAD
    0x08008d48   0x0000011c   Code   RO        35395    .text.lfs_format    BUILD/NUCLEO_WB55RG/ARMC6/mbed-os/storage/filesystem/littlefs/littlefs/lfs.o
    0x08008e64   0x00000076   Code   RO        35397    .text.lfs_init      BUILD/NUCLEO_WB55RG/ARMC6/mbed-os/storage/filesystem/littlefs/littlefs/lfs.o
    0x08008eda   0x000000ac   Code   RO        35317    .text.lfs_mkdir     BUILD/NUCLEO_WB55RG/ARMC6/mbed-os/storage/filesystem/littlefs/littlefs/lfs.o
    0x08008f86   0x00000002   PAD
    0x08008f88   0x000000a0   Code   RO        35401    .text.lfs_mount     BUILD/NUCLEO_WB55RG/ARMC6/mbed-os/storage/filesystem/littlefs/littlefs/lfs.o
    0x08009028   0x00000086   Code   RO        35339    .text.lfs_moved     BUILD/NUCLEO_WB55RG/ARMC6/mbed-os/storage/filesystem/littlefs/littlefs/lfs.o
    0x080090ae   0x00000020   Code   RO        35385    .text.lfs_paircmp   BUILD/NUCLEO_WB55RG/ARMC6/mbed-os/storage/filesystem/littlefs/littlefs/lfs.o
    0x080090ce   0x0000007c   Code   RO        35409    .text.lfs_parent    BUILD/NUCLEO_WB55RG/ARMC6/mbed-os/storage/filesystem/littlefs/littlefs/lfs.o
    0x0800914a   0x00000058   Code   RO        35391    .text.lfs_pred      BUILD/NUCLEO_WB55RG/ARMC6/mbed-os/storage/filesystem/littlefs/littlefs/lfs.o
    0x080091a2   0x0000008a   Code   RO        35387    .text.lfs_remove    BUILD/NUCLEO_WB55RG/ARMC6/mbed-os/storage/filesystem/littlefs/littlefs/lfs.o
    0x0800922c   0x0000014e   Code   RO        35393    .text.lfs_rename    BUILD/NUCLEO_WB55RG/ARMC6/mbed-os/storage/filesystem/littlefs/littlefs/lfs.o
    0x0800937a   0x0000006c   Code   RO        35383    .text.lfs_stat      BUILD/NUCLEO_WB55RG/ARMC6/mbed-os/storage/filesystem/littlefs/littlefs/lfs.o
    0x080093e6   0x0000011e   Code   RO        35405    .text.lfs_traverse  BUILD/NUCLEO_WB55RG/ARMC6/mbed-os/storage/filesystem/littlefs/littlefs/lfs.o
    0x08009504   0x0000000a   Code   RO        35403    .text.lfs_unmount   BUILD/NUCLEO_WB55RG/ARMC6/mbed-os/storage/filesystem/littlefs/littlefs/lfs.o
    0x0800950e   0x00000002   PAD
    0x08009510   0x00000024   Code   RO        41001    .text.lp_ticker_clear_interrupt  BUILD/NUCLEO_WB55RG/ARMC6/mbed-os/targets/TARGET_STM/lp_ticker.o
    0x08009534   0x00000050   Code   RO        40993    .text.lp_ticker_disable_interrupt  BUILD/NUCLEO_WB55RG/ARMC6/mbed-os/targets/TARGET_STM/lp_ticker.o
    0x08009584   0x00000024   Code   RO        41003    .text.lp_ticker_fire_interrupt  BUILD/NUCLEO_WB55RG/ARMC6/mbed-os/targets/TARGET_STM/lp_ticker.o
    0x080095a8   0x00000004   Code   RO        41005    .text.lp_ticker_free  BUILD/NUCLEO_WB55RG/ARMC6/mbed-os/targets/TARGET_STM/lp_ticker.o
    0x080095ac   0x00000008   Code   RO        40989    .text.lp_ticker_get_info  BUILD/NUCLEO_WB55RG/ARMC6/mbed-os/targets/TARGET_STM/lp_ticker.o
    0x080095b4   0x00000180   Code   RO        40991    .text.lp_ticker_init  BUILD/NUCLEO_WB55RG/ARMC6/mbed-os/targets/TARGET_STM/lp_ticker.o
    0x08009734   0x00000014   Code   RO        33000    .text.lp_ticker_irq_handler  BUILD/NUCLEO_WB55RG/ARMC6/mbed-os/hal/source/mbed_lp_ticker_api.o
    0x08009748   0x00000010   Code   RO        40997    .text.lp_ticker_read  BUILD/NUCLEO_WB55RG/ARMC6/mbed-os/targets/TARGET_STM/lp_ticker.o
    0x08009758   0x000000b0   Code   RO        40999    .text.lp_ticker_set_interrupt  BUILD/NUCLEO_WB55RG/ARMC6/mbed-os/targets/TARGET_STM/lp_ticker.o
    0x08009808   0x0000002a   Code   RO        34011    .text.lseek         BUILD/NUCLEO_WB55RG/ARMC6/mbed-os/platform/source/mbed_retarget.o
    0x08009832   0x00000002   PAD
    0x08009834   0x000001ac   Code   RO           18    .text.main          BUILD/NUCLEO_WB55RG/ARMC6/main.o
    0x080099e0   0x00000060   Code   RO        33777    .text.mbed_die      BUILD/NUCLEO_WB55RG/ARMC6/mbed-os/platform/source/mbed_board.o
    0x08009a40   0x00000020   Code   RO        33823    .text.mbed_error    BUILD/NUCLEO_WB55RG/ARMC6/mbed-os/platform/source/mbed_error.o
    0x08009a60   0x00000018   Code   RO        33779    .text.mbed_error_printf  BUILD/NUCLEO_WB55RG/ARMC6/mbed-os/platform/source/mbed_board.o
    0x08009a78   0x0000004c   Code   RO        33783    .text.mbed_error_puts  BUILD/NUCLEO_WB55RG/ARMC6/mbed-os/platform/source/mbed_board.o
    0x08009ac4   0x00000034   Code   RO        33781    .text.mbed_error_vprintf  BUILD/NUCLEO_WB55RG/ARMC6/mbed-os/platform/source/mbed_board.o
    0x08009af8   0x000000f4   Code   RO        33653    .text.mbed_fault_handler  BUILD/NUCLEO_WB55RG/ARMC6/mbed-os/platform/source/TARGET_CORTEX_M/mbed_fault_handler.o
    0x08009bec   0x0000000c   Code   RO        33819    .text.mbed_get_error_in_progress  BUILD/NUCLEO_WB55RG/ARMC6/mbed-os/platform/source/mbed_error.o
    0x08009bf8   0x00000030   Code   RO        33805    .text.mbed_halt_system  BUILD/NUCLEO_WB55RG/ARMC6/mbed-os/platform/source/mbed_error.o
    0x08009c28   0x0000003c   Code   RO          698    .text.mbed_init     BUILD/NUCLEO_WB55RG/ARMC6/mbed-os/cmsis/device/rtos/source/mbed_boot.o
    0x08009c64   0x000002a6   Code   RO        34347    .text.mbed_minimal_formatted_string  BUILD/NUCLEO_WB55RG/ARMC6/mbed-os/platform/source/minimal-printf/mbed_printf_implementation.o
    0x08009f0a   0x00000002   PAD
    0x08009f0c   0x0000012c   Code   RO        34351    .text.mbed_minimal_formatted_string_integer  BUILD/NUCLEO_WB55RG/ARMC6/mbed-os/platform/source/minimal-printf/mbed_printf_implementation.o
    0x0800a038   0x0000003c   Code   RO        34353    .text.mbed_minimal_putchar  BUILD/NUCLEO_WB55RG/ARMC6/mbed-os/platform/source/minimal-printf/mbed_printf_implementation.o
    0x0800a074   0x0000005c   Code   RO        33108    .text.mbed_mpu_init  BUILD/NUCLEO_WB55RG/ARMC6/mbed-os/hal/source/mpu/mbed_mpu_v7m.o
    0x0800a0d0   0x00000004   Code   RO          714    .text.mbed_rtos_init  BUILD/NUCLEO_WB55RG/ARMC6/mbed-os/cmsis/device/rtos/source/mbed_rtos_rtx.o
    0x0800a0d4   0x00000024   Code   RO          718    .text.mbed_rtos_init_singleton_mutex  BUILD/NUCLEO_WB55RG/ARMC6/mbed-os/cmsis/device/rtos/source/mbed_rtos_rtx.o
    0x0800a0f8   0x00000068   Code   RO          716    .text.mbed_rtos_start  BUILD/NUCLEO_WB55RG/ARMC6/mbed-os/cmsis/device/rtos/source/mbed_rtos_rtx.o
    0x0800a160   0x0000003c   Code   RO        41022    .text.mbed_sdk_init  BUILD/NUCLEO_WB55RG/ARMC6/mbed-os/targets/TARGET_STM/mbed_overrides.o
    0x0800a19c   0x0000001e   Code   RO          702    .text.mbed_start    BUILD/NUCLEO_WB55RG/ARMC6/mbed-os/cmsis/device/rtos/source/mbed_boot.o
    0x0800a1ba   0x00000002   PAD
    0x0800a1bc   0x00000018   Code   RO          678    .text.mbed_toolchain_init  BUILD/NUCLEO_WB55RG/ARMC6/mbed-os/cmsis/device/rtos/TOOLCHAIN_ARM_STD/mbed_boot_arm_std.o
    0x0800a1d4   0x00000084   Code   RO        33985    .text.open          BUILD/NUCLEO_WB55RG/ARMC6/mbed-os/platform/source/mbed_retarget.o
    0x0800a258   0x00000034   Code   RO          118    .text.osEventFlagsNew  BUILD/NUCLEO_WB55RG/ARMC6/mbed-os/cmsis/CMSIS_5/CMSIS/RTOS2/RTX/Source/rtx_evflags.o
    0x0800a28c   0x00000050   Code   RO          122    .text.osEventFlagsSet  BUILD/NUCLEO_WB55RG/ARMC6/mbed-os/cmsis/CMSIS_5/CMSIS/RTOS2/RTX/Source/rtx_evflags.o
    0x0800a2dc   0x00000048   Code   RO          132    .text.osEventFlagsWait  BUILD/NUCLEO_WB55RG/ARMC6/mbed-os/cmsis/CMSIS_5/CMSIS/RTOS2/RTX/Source/rtx_evflags.o
    0x0800a324   0x0000002c   Code   RO          196    .text.osKernelGetState  BUILD/NUCLEO_WB55RG/ARMC6/mbed-os/cmsis/CMSIS_5/CMSIS/RTOS2/RTX/Source/rtx_kernel.o
    0x0800a350   0x00000028   Code   RO          212    .text.osKernelGetTickCount  BUILD/NUCLEO_WB55RG/ARMC6/mbed-os/cmsis/CMSIS_5/CMSIS/RTOS2/RTX/Source/rtx_kernel.o
    0x0800a378   0x0000002c   Code   RO          190    .text.osKernelInitialize  BUILD/NUCLEO_WB55RG/ARMC6/mbed-os/cmsis/CMSIS_5/CMSIS/RTOS2/RTX/Source/rtx_kernel.o
    0x0800a3a4   0x00000028   Code   RO          210    .text.osKernelResume  BUILD/NUCLEO_WB55RG/ARMC6/mbed-os/cmsis/CMSIS_5/CMSIS/RTOS2/RTX/Source/rtx_kernel.o
    0x0800a3cc   0x00000028   Code   RO          200    .text.osKernelStart  BUILD/NUCLEO_WB55RG/ARMC6/mbed-os/cmsis/CMSIS_5/CMSIS/RTOS2/RTX/Source/rtx_kernel.o
    0x0800a3f4   0x00000028   Code   RO          208    .text.osKernelSuspend  BUILD/NUCLEO_WB55RG/ARMC6/mbed-os/cmsis/CMSIS_5/CMSIS/RTOS2/RTX/Source/rtx_kernel.o
    0x0800a41c   0x00000070   Code   RO          339    .text.osMessageQueueGet  BUILD/NUCLEO_WB55RG/ARMC6/mbed-os/cmsis/CMSIS_5/CMSIS/RTOS2/RTX/Source/rtx_msgqueue.o
    0x0800a48c   0x0000007c   Code   RO          337    .text.osMessageQueuePut  BUILD/NUCLEO_WB55RG/ARMC6/mbed-os/cmsis/CMSIS_5/CMSIS/RTOS2/RTX/Source/rtx_msgqueue.o
    0x0800a508   0x0000002c   Code   RO          393    .text.osMutexAcquire  BUILD/NUCLEO_WB55RG/ARMC6/mbed-os/cmsis/CMSIS_5/CMSIS/RTOS2/RTX/Source/rtx_mutex.o
    0x0800a534   0x0000002c   Code   RO          399    .text.osMutexDelete  BUILD/NUCLEO_WB55RG/ARMC6/mbed-os/cmsis/CMSIS_5/CMSIS/RTOS2/RTX/Source/rtx_mutex.o
    0x0800a560   0x00000034   Code   RO          389    .text.osMutexNew    BUILD/NUCLEO_WB55RG/ARMC6/mbed-os/cmsis/CMSIS_5/CMSIS/RTOS2/RTX/Source/rtx_mutex.o
    0x0800a594   0x0000002c   Code   RO          395    .text.osMutexRelease  BUILD/NUCLEO_WB55RG/ARMC6/mbed-os/cmsis/CMSIS_5/CMSIS/RTOS2/RTX/Source/rtx_mutex.o
    0x0800a5c0   0x00000050   Code   RO          733    .text.osRtxErrorNotify  BUILD/NUCLEO_WB55RG/ARMC6/mbed-os/cmsis/device/rtos/source/mbed_rtx_handlers.o
    0x0800a610   0x00000032   Code   RO          138    .text.osRtxEventFlagsPostProcess  BUILD/NUCLEO_WB55RG/ARMC6/mbed-os/cmsis/CMSIS_5/CMSIS/RTOS2/RTX/Source/rtx_evflags.o
    0x0800a642   0x00000004   Code   RO          731    .text.osRtxIdleThread  BUILD/NUCLEO_WB55RG/ARMC6/mbed-os/cmsis/device/rtos/source/mbed_rtx_handlers.o
    0x0800a646   0x00000016   Code   RO          188    .text.osRtxKernelErrorNotify  BUILD/NUCLEO_WB55RG/ARMC6/mbed-os/cmsis/CMSIS_5/CMSIS/RTOS2/RTX/Source/rtx_kernel.o
    0x0800a65c   0x0000006c   Code   RO          275    .text.osRtxMemoryAlloc  BUILD/NUCLEO_WB55RG/ARMC6/mbed-os/cmsis/CMSIS_5/CMSIS/RTOS2/RTX/Source/rtx_memory.o
    0x0800a6c8   0x00000042   Code   RO          277    .text.osRtxMemoryFree  BUILD/NUCLEO_WB55RG/ARMC6/mbed-os/cmsis/CMSIS_5/CMSIS/RTOS2/RTX/Source/rtx_memory.o
    0x0800a70a   0x00000036   Code   RO          273    .text.osRtxMemoryInit  BUILD/NUCLEO_WB55RG/ARMC6/mbed-os/cmsis/CMSIS_5/CMSIS/RTOS2/RTX/Source/rtx_memory.o
    0x0800a740   0x0000003a   Code   RO          283    .text.osRtxMemoryPoolAlloc  BUILD/NUCLEO_WB55RG/ARMC6/mbed-os/cmsis/CMSIS_5/CMSIS/RTOS2/RTX/Source/rtx_mempool.o
    0x0800a77a   0x0000004a   Code   RO          285    .text.osRtxMemoryPoolFree  BUILD/NUCLEO_WB55RG/ARMC6/mbed-os/cmsis/CMSIS_5/CMSIS/RTOS2/RTX/Source/rtx_mempool.o
    0x0800a7c4   0x00000038   Code   RO          281    .text.osRtxMemoryPoolInit  BUILD/NUCLEO_WB55RG/ARMC6/mbed-os/cmsis/CMSIS_5/CMSIS/RTOS2/RTX/Source/rtx_mempool.o
    0x0800a7fc   0x000000aa   Code   RO          361    .text.osRtxMessageQueuePostProcess  BUILD/NUCLEO_WB55RG/ARMC6/mbed-os/cmsis/CMSIS_5/CMSIS/RTOS2/RTX/Source/rtx_msgqueue.o
    0x0800a8a6   0x00000002   PAD
    0x0800a8a8   0x00000024   Code   RO          329    .text.osRtxMessageQueueTimerSetup  BUILD/NUCLEO_WB55RG/ARMC6/mbed-os/cmsis/CMSIS_5/CMSIS/RTOS2/RTX/Source/rtx_msgqueue.o
    0x0800a8cc   0x00000048   Code   RO          385    .text.osRtxMutexOwnerRelease  BUILD/NUCLEO_WB55RG/ARMC6/mbed-os/cmsis/CMSIS_5/CMSIS/RTOS2/RTX/Source/rtx_mutex.o
    0x0800a914   0x00000048   Code   RO          387    .text.osRtxMutexOwnerRestore  BUILD/NUCLEO_WB55RG/ARMC6/mbed-os/cmsis/CMSIS_5/CMSIS/RTOS2/RTX/Source/rtx_mutex.o
    0x0800a95c   0x00000088   Code   RO          457    .text.osRtxPendSV_Handler  BUILD/NUCLEO_WB55RG/ARMC6/mbed-os/cmsis/CMSIS_5/CMSIS/RTOS2/RTX/Source/rtx_system.o
    0x0800a9e4   0x00000070   Code   RO          459    .text.osRtxPostProcess  BUILD/NUCLEO_WB55RG/ARMC6/mbed-os/cmsis/CMSIS_5/CMSIS/RTOS2/RTX/Source/rtx_system.o
    0x0800aa54   0x00000036   Code   RO          437    .text.osRtxSemaphorePostProcess  BUILD/NUCLEO_WB55RG/ARMC6/mbed-os/cmsis/CMSIS_5/CMSIS/RTOS2/RTX/Source/rtx_semaphore.o
    0x0800aa8a   0x00000002   PAD
    0x0800aa8c   0x00000034   Code   RO          483    .text.osRtxThreadBlock  BUILD/NUCLEO_WB55RG/ARMC6/mbed-os/cmsis/CMSIS_5/CMSIS/RTOS2/RTX/Source/rtx_thread.o
    0x0800aac0   0x0000007c   Code   RO          491    .text.osRtxThreadDelayInsert  BUILD/NUCLEO_WB55RG/ARMC6/mbed-os/cmsis/CMSIS_5/CMSIS/RTOS2/RTX/Source/rtx_thread.o
    0x0800ab3c   0x0000003c   Code   RO          487    .text.osRtxThreadDelayRemove  BUILD/NUCLEO_WB55RG/ARMC6/mbed-os/cmsis/CMSIS_5/CMSIS/RTOS2/RTX/Source/rtx_thread.o
    0x0800ab78   0x00000048   Code   RO          473    .text.osRtxThreadDelayTick  BUILD/NUCLEO_WB55RG/ARMC6/mbed-os/cmsis/CMSIS_5/CMSIS/RTOS2/RTX/Source/rtx_thread.o
    0x0800abc0   0x00000020   Code   RO          575    .text.osRtxThreadDestroy  BUILD/NUCLEO_WB55RG/ARMC6/mbed-os/cmsis/CMSIS_5/CMSIS/RTOS2/RTX/Source/rtx_thread.o
    0x0800abe0   0x00000050   Code   RO          481    .text.osRtxThreadDispatch  BUILD/NUCLEO_WB55RG/ARMC6/mbed-os/cmsis/CMSIS_5/CMSIS/RTOS2/RTX/Source/rtx_thread.o
    0x0800ac30   0x00000058   Code   RO          567    .text.osRtxThreadFree  BUILD/NUCLEO_WB55RG/ARMC6/mbed-os/cmsis/CMSIS_5/CMSIS/RTOS2/RTX/Source/rtx_thread.o
    0x0800ac88   0x0000001e   Code   RO          573    .text.osRtxThreadJoinWakeup  BUILD/NUCLEO_WB55RG/ARMC6/mbed-os/cmsis/CMSIS_5/CMSIS/RTOS2/RTX/Source/rtx_thread.o
    0x0800aca6   0x00000012   Code   RO          465    .text.osRtxThreadListGet  BUILD/NUCLEO_WB55RG/ARMC6/mbed-os/cmsis/CMSIS_5/CMSIS/RTOS2/RTX/Source/rtx_thread.o
    0x0800acb8   0x0000002c   Code   RO          463    .text.osRtxThreadListPut  BUILD/NUCLEO_WB55RG/ARMC6/mbed-os/cmsis/CMSIS_5/CMSIS/RTOS2/RTX/Source/rtx_thread.o
    0x0800ace4   0x00000014   Code   RO          469    .text.osRtxThreadListRemove  BUILD/NUCLEO_WB55RG/ARMC6/mbed-os/cmsis/CMSIS_5/CMSIS/RTOS2/RTX/Source/rtx_thread.o
    0x0800acf8   0x0000000c   Code   RO          475    .text.osRtxThreadListRoot  BUILD/NUCLEO_WB55RG/ARMC6/mbed-os/cmsis/CMSIS_5/CMSIS/RTOS2/RTX/Source/rtx_thread.o
    0x0800ad04   0x00000026   Code   RO          467    .text.osRtxThreadListSort  BUILD/NUCLEO_WB55RG/ARMC6/mbed-os/cmsis/CMSIS_5/CMSIS/RTOS2/RTX/Source/rtx_thread.o
    0x0800ad2a   0x00000020   Code   RO          541    .text.osRtxThreadPostProcess  BUILD/NUCLEO_WB55RG/ARMC6/mbed-os/cmsis/CMSIS_5/CMSIS/RTOS2/RTX/Source/rtx_thread.o
    0x0800ad4a   0x00000002   PAD
    0x0800ad4c   0x00000010   Code   RO          471    .text.osRtxThreadReadyPut  BUILD/NUCLEO_WB55RG/ARMC6/mbed-os/cmsis/CMSIS_5/CMSIS/RTOS2/RTX/Source/rtx_thread.o
    0x0800ad5c   0x00000014   Code   RO          477    .text.osRtxThreadRegPtr  BUILD/NUCLEO_WB55RG/ARMC6/mbed-os/cmsis/CMSIS_5/CMSIS/RTOS2/RTX/Source/rtx_thread.o
    0x0800ad70   0x00000038   Code   RO          493    .text.osRtxThreadStartup  BUILD/NUCLEO_WB55RG/ARMC6/mbed-os/cmsis/CMSIS_5/CMSIS/RTOS2/RTX/Source/rtx_thread.o
    0x0800ada8   0x00000010   Code   RO          479    .text.osRtxThreadSwitch  BUILD/NUCLEO_WB55RG/ARMC6/mbed-os/cmsis/CMSIS_5/CMSIS/RTOS2/RTX/Source/rtx_thread.o
    0x0800adb8   0x0000003c   Code   RO          489    .text.osRtxThreadWaitEnter  BUILD/NUCLEO_WB55RG/ARMC6/mbed-os/cmsis/CMSIS_5/CMSIS/RTOS2/RTX/Source/rtx_thread.o
    0x0800adf4   0x00000030   Code   RO          485    .text.osRtxThreadWaitExit  BUILD/NUCLEO_WB55RG/ARMC6/mbed-os/cmsis/CMSIS_5/CMSIS/RTOS2/RTX/Source/rtx_thread.o
    0x0800ae24   0x00000078   Code   RO          455    .text.osRtxTick_Handler  BUILD/NUCLEO_WB55RG/ARMC6/mbed-os/cmsis/CMSIS_5/CMSIS/RTOS2/RTX/Source/rtx_system.o
    0x0800ae9c   0x00000020   Code   RO          615    .text.osRtxTimerSetup  BUILD/NUCLEO_WB55RG/ARMC6/mbed-os/cmsis/CMSIS_5/CMSIS/RTOS2/RTX/Source/rtx_timer.o
    0x0800aebc   0x00000020   Code   RO          619    .text.osRtxTimerThread  BUILD/NUCLEO_WB55RG/ARMC6/mbed-os/cmsis/CMSIS_5/CMSIS/RTOS2/RTX/Source/rtx_timer.o
    0x0800aedc   0x00000070   Code   RO          617    .text.osRtxTimerTick  BUILD/NUCLEO_WB55RG/ARMC6/mbed-os/cmsis/CMSIS_5/CMSIS/RTOS2/RTX/Source/rtx_timer.o
    0x0800af4c   0x00000030   Code   RO          433    .text.osSemaphoreDelete  BUILD/NUCLEO_WB55RG/ARMC6/mbed-os/cmsis/CMSIS_5/CMSIS/RTOS2/RTX/Source/rtx_semaphore.o
    0x0800af7c   0x00000034   Code   RO          421    .text.osSemaphoreNew  BUILD/NUCLEO_WB55RG/ARMC6/mbed-os/cmsis/CMSIS_5/CMSIS/RTOS2/RTX/Source/rtx_semaphore.o
    0x0800afb0   0x00000050   Code   RO          427    .text.osSemaphoreRelease  BUILD/NUCLEO_WB55RG/ARMC6/mbed-os/cmsis/CMSIS_5/CMSIS/RTOS2/RTX/Source/rtx_semaphore.o
    0x0800b000   0x0000001c   Code   RO          525    .text.osThreadExit  BUILD/NUCLEO_WB55RG/ARMC6/mbed-os/cmsis/CMSIS_5/CMSIS/RTOS2/RTX/Source/rtx_thread.o
    0x0800b01c   0x00000028   Code   RO          501    .text.osThreadGetId  BUILD/NUCLEO_WB55RG/ARMC6/mbed-os/cmsis/CMSIS_5/CMSIS/RTOS2/RTX/Source/rtx_thread.o
    0x0800b044   0x00000034   Code   RO          497    .text.osThreadNew   BUILD/NUCLEO_WB55RG/ARMC6/mbed-os/cmsis/CMSIS_5/CMSIS/RTOS2/RTX/Source/rtx_thread.o
    0x0800b078   0x00000034   Code   RO          527    .text.osThreadTerminate  BUILD/NUCLEO_WB55RG/ARMC6/mbed-os/cmsis/CMSIS_5/CMSIS/RTOS2/RTX/Source/rtx_thread.o
    0x0800b0ac   0x00000020   Code   RO          682    .text.os_kernel_is_active  BUILD/NUCLEO_WB55RG/ARMC6/mbed-os/cmsis/device/rtos/TOOLCHAIN_ARM_STD/mbed_boot_arm_std.o
    0x0800b0cc   0x00000024   Code   RO        34349    .text.parse_string_to_integer  BUILD/NUCLEO_WB55RG/ARMC6/mbed-os/platform/source/minimal-printf/mbed_printf_implementation.o
    0x0800b0f0   0x000000e0   Code   RO        41028    .text.pin_function  BUILD/NUCLEO_WB55RG/ARMC6/mbed-os/targets/TARGET_STM/pinmap.o
    0x0800b1d0   0x00000078   Code   RO        41032    .text.pin_mode      BUILD/NUCLEO_WB55RG/ARMC6/mbed-os/targets/TARGET_STM/pinmap.o
    0x0800b248   0x00000022   Code   RO        33017    .text.pinmap_find_function  BUILD/NUCLEO_WB55RG/ARMC6/mbed-os/hal/source/mbed_pinmap_common.o
    0x0800b26a   0x00000022   Code   RO        33013    .text.pinmap_find_peripheral  BUILD/NUCLEO_WB55RG/ARMC6/mbed-os/hal/source/mbed_pinmap_common.o
    0x0800b28c   0x00000024   Code   RO        33011    .text.pinmap_merge  BUILD/NUCLEO_WB55RG/ARMC6/mbed-os/hal/source/mbed_pinmap_common.o
    0x0800b2b0   0x00000028   Code   RO        33015    .text.pinmap_peripheral  BUILD/NUCLEO_WB55RG/ARMC6/mbed-os/hal/source/mbed_pinmap_common.o
    0x0800b2d8   0x0000015c   Code   RO        33655    .text.print_context_info  BUILD/NUCLEO_WB55RG/ARMC6/mbed-os/platform/source/TARGET_CORTEX_M/mbed_fault_handler.o
    0x0800b434   0x0000002a   Code   RO        34005    .text.read          BUILD/NUCLEO_WB55RG/ARMC6/mbed-os/platform/source/mbed_retarget.o
    0x0800b45e   0x00000002   PAD
    0x0800b460   0x00000014   Code   RO        41255    .text.restore_timer_ctx  BUILD/NUCLEO_WB55RG/ARMC6/mbed-os/targets/TARGET_STM/us_ticker.o
    0x0800b474   0x0000000c   Code   RO          764    .text.rtos_idle_loop  BUILD/NUCLEO_WB55RG/ARMC6/mbed-os/cmsis/device/rtos/source/mbed_rtx_idle.o
    0x0800b480   0x0000001c   Code   RO        41253    .text.save_timer_ctx  BUILD/NUCLEO_WB55RG/ARMC6/mbed-os/targets/TARGET_STM/us_ticker.o
    0x0800b49c   0x000000ca   Code   RO        33062    .text.schedule_interrupt  BUILD/NUCLEO_WB55RG/ARMC6/mbed-os/hal/source/mbed_ticker_api.o
    0x0800b566   0x00000002   PAD
    0x0800b568   0x00000088   Code   RO        41113    .text.serial_baud   BUILD/NUCLEO_WB55RG/ARMC6/mbed-os/targets/TARGET_STM/serial_api.o
    0x0800b5f0   0x00000068   Code   RO        40679    .text.serial_getc   BUILD/NUCLEO_WB55RG/ARMC6/mbed-os/targets/TARGET_STM/TARGET_STM32WB/serial_device.o
    0x0800b658   0x00000144   Code   RO        41109    .text.serial_init   BUILD/NUCLEO_WB55RG/ARMC6/mbed-os/targets/TARGET_STM/serial_api.o
    0x0800b79c   0x0000000e   Code   RO        33129    .text.serial_init_direct  BUILD/NUCLEO_WB55RG/ARMC6/mbed-os/hal/source/static_pinmap.o
    0x0800b7aa   0x00000002   PAD
    0x0800b7ac   0x0000002c   Code   RO        41137    .text.serial_is_tx_ongoing  BUILD/NUCLEO_WB55RG/ARMC6/mbed-os/targets/TARGET_STM/serial_api.o
    0x0800b7d8   0x00000024   Code   RO        40681    .text.serial_putc   BUILD/NUCLEO_WB55RG/ARMC6/mbed-os/targets/TARGET_STM/TARGET_STM32WB/serial_device.o
    0x0800b7fc   0x00000020   Code   RO        41127    .text.serial_readable  BUILD/NUCLEO_WB55RG/ARMC6/mbed-os/targets/TARGET_STM/serial_api.o
    0x0800b81c   0x00000018   Code   RO        41129    .text.serial_writable  BUILD/NUCLEO_WB55RG/ARMC6/mbed-os/targets/TARGET_STM/serial_api.o
    0x0800b834   0x00000024   Code   RO        33934    .text.sleep_manager_lock_deep_sleep_internal  BUILD/NUCLEO_WB55RG/ARMC6/mbed-os/platform/source/mbed_power_mgmt.o
    0x0800b858   0x00000020   Code   RO        33942    .text.sleep_manager_sleep_auto  BUILD/NUCLEO_WB55RG/ARMC6/mbed-os/platform/source/mbed_power_mgmt.o
    0x0800b878   0x00000030   Code   RO        33936    .text.sleep_manager_unlock_deep_sleep_internal  BUILD/NUCLEO_WB55RG/ARMC6/mbed-os/platform/source/mbed_power_mgmt.o
    0x0800b8a8   0x0000003a   Code   RO        41030    .text.stm_pin_PullConfig  BUILD/NUCLEO_WB55RG/ARMC6/mbed-os/targets/TARGET_STM/pinmap.o
    0x0800b8e2   0x00000002   PAD
    0x0800b8e4   0x00000074   Code   RO          136    .text.svcRtxEventFlagsNew  BUILD/NUCLEO_WB55RG/ARMC6/mbed-os/cmsis/CMSIS_5/CMSIS/RTOS2/RTX/Source/rtx_evflags.o
    0x0800b958   0x00000080   Code   RO          144    .text.svcRtxEventFlagsSet  BUILD/NUCLEO_WB55RG/ARMC6/mbed-os/cmsis/CMSIS_5/CMSIS/RTOS2/RTX/Source/rtx_evflags.o
    0x0800b9d8   0x0000005c   Code   RO          146    .text.svcRtxEventFlagsWait  BUILD/NUCLEO_WB55RG/ARMC6/mbed-os/cmsis/CMSIS_5/CMSIS/RTOS2/RTX/Source/rtx_evflags.o
    0x0800ba34   0x00000008   Code   RO          198    .text.svcRtxKernelGetState  BUILD/NUCLEO_WB55RG/ARMC6/mbed-os/cmsis/CMSIS_5/CMSIS/RTOS2/RTX/Source/rtx_kernel.o
    0x0800ba3c   0x00000008   Code   RO          214    .text.svcRtxKernelGetTickCount  BUILD/NUCLEO_WB55RG/ARMC6/mbed-os/cmsis/CMSIS_5/CMSIS/RTOS2/RTX/Source/rtx_kernel.o
    0x0800ba44   0x000000f8   Code   RO          228    .text.svcRtxKernelInitialize  BUILD/NUCLEO_WB55RG/ARMC6/mbed-os/cmsis/CMSIS_5/CMSIS/RTOS2/RTX/Source/rtx_kernel.o
    0x0800bb3c   0x00000074   Code   RO          242    .text.svcRtxKernelResume  BUILD/NUCLEO_WB55RG/ARMC6/mbed-os/cmsis/CMSIS_5/CMSIS/RTOS2/RTX/Source/rtx_kernel.o
    0x0800bbb0   0x00000098   Code   RO          230    .text.svcRtxKernelStart  BUILD/NUCLEO_WB55RG/ARMC6/mbed-os/cmsis/CMSIS_5/CMSIS/RTOS2/RTX/Source/rtx_kernel.o
    0x0800bc48   0x00000048   Code   RO          238    .text.svcRtxKernelSuspend  BUILD/NUCLEO_WB55RG/ARMC6/mbed-os/cmsis/CMSIS_5/CMSIS/RTOS2/RTX/Source/rtx_kernel.o
    0x0800bc90   0x000000d4   Code   RO          373    .text.svcRtxMessageQueueGet  BUILD/NUCLEO_WB55RG/ARMC6/mbed-os/cmsis/CMSIS_5/CMSIS/RTOS2/RTX/Source/rtx_msgqueue.o
    0x0800bd64   0x00000134   Code   RO          331    .text.svcRtxMessageQueueNew  BUILD/NUCLEO_WB55RG/ARMC6/mbed-os/cmsis/CMSIS_5/CMSIS/RTOS2/RTX/Source/rtx_msgqueue.o
    0x0800be98   0x000000c0   Code   RO          369    .text.svcRtxMessageQueuePut  BUILD/NUCLEO_WB55RG/ARMC6/mbed-os/cmsis/CMSIS_5/CMSIS/RTOS2/RTX/Source/rtx_msgqueue.o
    0x0800bf58   0x000000a0   Code   RO          405    .text.svcRtxMutexAcquire  BUILD/NUCLEO_WB55RG/ARMC6/mbed-os/cmsis/CMSIS_5/CMSIS/RTOS2/RTX/Source/rtx_mutex.o
    0x0800bff8   0x000000ac   Code   RO          411    .text.svcRtxMutexDelete  BUILD/NUCLEO_WB55RG/ARMC6/mbed-os/cmsis/CMSIS_5/CMSIS/RTOS2/RTX/Source/rtx_mutex.o
    0x0800c0a4   0x00000078   Code   RO          401    .text.svcRtxMutexNew  BUILD/NUCLEO_WB55RG/ARMC6/mbed-os/cmsis/CMSIS_5/CMSIS/RTOS2/RTX/Source/rtx_mutex.o
    0x0800c11c   0x000000c4   Code   RO          407    .text.svcRtxMutexRelease  BUILD/NUCLEO_WB55RG/ARMC6/mbed-os/cmsis/CMSIS_5/CMSIS/RTOS2/RTX/Source/rtx_mutex.o
    0x0800c1e0   0x00000060   Code   RO          447    .text.svcRtxSemaphoreDelete  BUILD/NUCLEO_WB55RG/ARMC6/mbed-os/cmsis/CMSIS_5/CMSIS/RTOS2/RTX/Source/rtx_semaphore.o
    0x0800c240   0x00000098   Code   RO          435    .text.svcRtxSemaphoreNew  BUILD/NUCLEO_WB55RG/ARMC6/mbed-os/cmsis/CMSIS_5/CMSIS/RTOS2/RTX/Source/rtx_semaphore.o
    0x0800c2d8   0x00000040   Code   RO          445    .text.svcRtxSemaphoreRelease  BUILD/NUCLEO_WB55RG/ARMC6/mbed-os/cmsis/CMSIS_5/CMSIS/RTOS2/RTX/Source/rtx_semaphore.o
    0x0800c318   0x00000048   Code   RO          571    .text.svcRtxThreadExit  BUILD/NUCLEO_WB55RG/ARMC6/mbed-os/cmsis/CMSIS_5/CMSIS/RTOS2/RTX/Source/rtx_thread.o
    0x0800c360   0x0000000c   Code   RO          503    .text.svcRtxThreadGetId  BUILD/NUCLEO_WB55RG/ARMC6/mbed-os/cmsis/CMSIS_5/CMSIS/RTOS2/RTX/Source/rtx_thread.o
    0x0800c36c   0x0000020c   Code   RO          495    .text.svcRtxThreadNew  BUILD/NUCLEO_WB55RG/ARMC6/mbed-os/cmsis/CMSIS_5/CMSIS/RTOS2/RTX/Source/rtx_thread.o
    0x0800c578   0x00000094   Code   RO          577    .text.svcRtxThreadTerminate  BUILD/NUCLEO_WB55RG/ARMC6/mbed-os/cmsis/CMSIS_5/CMSIS/RTOS2/RTX/Source/rtx_thread.o
    0x0800c60c   0x00000024   Code   RO        33068    .text.ticker_insert_event_us  BUILD/NUCLEO_WB55RG/ARMC6/mbed-os/hal/source/mbed_ticker_api.o
    0x0800c630   0x0000005e   Code   RO        33058    .text.ticker_irq_handler  BUILD/NUCLEO_WB55RG/ARMC6/mbed-os/hal/source/mbed_ticker_api.o
    0x0800c68e   0x00000008   Code   RO        33072    .text.ticker_read   BUILD/NUCLEO_WB55RG/ARMC6/mbed-os/hal/source/mbed_ticker_api.o
    0x0800c696   0x00000020   Code   RO        33074    .text.ticker_read_us  BUILD/NUCLEO_WB55RG/ARMC6/mbed-os/hal/source/mbed_ticker_api.o
    0x0800c6b6   0x00000030   Code   RO        33070    .text.ticker_remove_event  BUILD/NUCLEO_WB55RG/ARMC6/mbed-os/hal/source/mbed_ticker_api.o
    0x0800c6e6   0x0000001a   Code   RO        33054    .text.ticker_set_handler  BUILD/NUCLEO_WB55RG/ARMC6/mbed-os/hal/source/mbed_ticker_api.o
    0x0800c700   0x00000024   Code   RO        41237    .text.timer_irq_handler  BUILD/NUCLEO_WB55RG/ARMC6/mbed-os/targets/TARGET_STM/us_ticker.o
    0x0800c724   0x0000007c   Code   RO        33060    .text.update_present_time  BUILD/NUCLEO_WB55RG/ARMC6/mbed-os/hal/source/mbed_ticker_api.o
    0x0800c7a0   0x0000000c   Code   RO        41251    .text.us_ticker_clear_interrupt  BUILD/NUCLEO_WB55RG/ARMC6/mbed-os/targets/TARGET_STM/us_ticker.o
    0x0800c7ac   0x00000010   Code   RO        41249    .text.us_ticker_disable_interrupt  BUILD/NUCLEO_WB55RG/ARMC6/mbed-os/targets/TARGET_STM/us_ticker.o
    0x0800c7bc   0x0000001c   Code   RO        41247    .text.us_ticker_fire_interrupt  BUILD/NUCLEO_WB55RG/ARMC6/mbed-os/targets/TARGET_STM/us_ticker.o
    0x0800c7d8   0x00000008   Code   RO        41235    .text.us_ticker_get_info  BUILD/NUCLEO_WB55RG/ARMC6/mbed-os/targets/TARGET_STM/us_ticker.o
    0x0800c7e0   0x00000014   Code   RO        41241    .text.us_ticker_init  BUILD/NUCLEO_WB55RG/ARMC6/mbed-os/targets/TARGET_STM/us_ticker.o
    0x0800c7f4   0x00000014   Code   RO        33098    .text.us_ticker_irq_handler  BUILD/NUCLEO_WB55RG/ARMC6/mbed-os/hal/source/mbed_us_ticker_api.o
    0x0800c808   0x0000000c   Code   RO        41243    .text.us_ticker_read  BUILD/NUCLEO_WB55RG/ARMC6/mbed-os/targets/TARGET_STM/us_ticker.o
    0x0800c814   0x0000001c   Code   RO        41245    .text.us_ticker_set_interrupt  BUILD/NUCLEO_WB55RG/ARMC6/mbed-os/targets/TARGET_STM/us_ticker.o
    0x0800c830   0x0000002a   Code   RO        33997    .text.write         BUILD/NUCLEO_WB55RG/ARMC6/mbed-os/platform/source/mbed_retarget.o
    0x0800c85a   0x00000018   Code   RO        41387    i.fgetc             c:\ProgramData\Mbed Studio\mbed-studio-tools\ac6\bin\..\lib\armlib\c_w.l(fgetc.o)
    0x0800c872   0x0000001a   Code   RO        41393    i.fputc             c:\ProgramData\Mbed Studio\mbed-studio-tools\ac6\bin\..\lib\armlib\c_w.l(fputc.o)
    0x0800c88c   0x0000001a   Code   RO        42613    x$fpl$fpinit        c:\ProgramData\Mbed Studio\mbed-studio-tools\ac6\bin\..\lib\armlib\fz_wm.l(fpinit.o)
    0x0800c8a6   0x00000002   PAD
    0x0800c8a8   0x000000a8   Data   RO          262    .rodata             BUILD/NUCLEO_WB55RG/ARMC6/mbed-os/cmsis/CMSIS_5/CMSIS/RTOS2/RTX/Source/rtx_lib.o
    0x0800c950   0x00000064   Data   RO           32    .rodata..L__const._Z14RandomReadTestv.name  BUILD/NUCLEO_WB55RG/ARMC6/main.o
    0x0800c9b4   0x00000010   Data   RO          725    .rodata..L__const.mbed_rtos_init_singleton_mutex.singleton_mutex_attr  BUILD/NUCLEO_WB55RG/ARMC6/mbed-os/cmsis/device/rtos/source/mbed_rtos_rtx.o
    0x0800c9c4   0x00000040   Data   RO        40599    .rodata.AHBPrescTable  BUILD/NUCLEO_WB55RG/ARMC6/mbed-os/targets/TARGET_STM/TARGET_STM32WB/STM32Cube_FW/system_stm32wbxx.o
    0x0800ca04   0x00000020   Data   RO        40600    .rodata.APBPrescTable  BUILD/NUCLEO_WB55RG/ARMC6/mbed-os/targets/TARGET_STM/TARGET_STM32WB/STM32Cube_FW/system_stm32wbxx.o
    0x0800ca24   0x00000040   Data   RO        40601    .rodata.MSIRangeTable  BUILD/NUCLEO_WB55RG/ARMC6/mbed-os/targets/TARGET_STM/TARGET_STM32WB/STM32Cube_FW/system_stm32wbxx.o
    0x0800ca64   0x00000054   Data   RO        40612    .rodata.PinMap_UART_RX  BUILD/NUCLEO_WB55RG/ARMC6/mbed-os/targets/TARGET_STM/TARGET_STM32WB/TARGET_STM32WB55xG/TARGET_NUCLEO_WB55RG/PeripheralPins.o
    0x0800cab8   0x00000054   Data   RO        40611    .rodata.PinMap_UART_TX  BUILD/NUCLEO_WB55RG/ARMC6/mbed-os/targets/TARGET_STM/TARGET_STM32WB/TARGET_STM32WB55xG/TARGET_NUCLEO_WB55RG/PeripheralPins.o
    0x0800cb0c   0x00000018   Data   RO        39984    .rodata.UARTPrescTable  BUILD/NUCLEO_WB55RG/ARMC6/mbed-os/targets/TARGET_STM/TARGET_STM32WB/STM32Cube_FW/STM32WBxx_HAL_Driver/stm32wbxx_hal_uart.o
    0x0800cb24   0x00000040   Data   RO        30449    .rodata._ZN4mbed4impl7MbedCRCILj79764919ELh32ELNS_7CrcModeE1EE10_crc_tableE  BUILD/NUCLEO_WB55RG/ARMC6/mbed-os/drivers/source/MbedCRC.o
    0x0800cb64   0x00000028   Data   RO        41706    .rodata._ZNSt3__26__itoaL10__pow10_32E  c:\ProgramData\Mbed Studio\mbed-studio-tools\ac6\bin\..\lib\libcxx\libcpp_w.l(string.cpp.o)
    0x0800cb8c   0x000000c8   Data   RO        42141    .rodata._ZNSt3__26__itoaL10cDigitsLutE  c:\ProgramData\Mbed Studio\mbed-studio-tools\ac6\bin\..\lib\libcxx\libcpp_w.l(charconv.cpp.o)
    0x0800cc54   0x00000001   Data   RO        41623    .rodata._ZSt7nothrow  c:\ProgramData\Mbed Studio\mbed-studio-tools\ac6\bin\..\lib\libcxx\libcpp_w.l(new.cpp.o)
    0x0800cc55   0x00000003   PAD
    0x0800cc58   0x00000050   Data   RO        34135    .rodata._ZTV12DirectSerial  BUILD/NUCLEO_WB55RG/ARMC6/mbed-os/platform/source/mbed_retarget.o
    0x0800cca8   0x00000090   Data   RO        35935    .rodata._ZTVN4mbed10FileSystemE  BUILD/NUCLEO_WB55RG/ARMC6/mbed-os/storage/filesystem/source/FileSystem.o
    0x0800cd38   0x0000000c   Data   RO        30874    .rodata._ZTVN4mbed10TimerEventE  BUILD/NUCLEO_WB55RG/ARMC6/mbed-os/drivers/source/TimerEvent.o
    0x0800cd44   0x00000010   Data   RO        30439    .rodata._ZTVN4mbed11InterruptInE  BUILD/NUCLEO_WB55RG/ARMC6/mbed-os/drivers/source/InterruptIn.o
    0x0800cd54   0x0000003c   Data   RO        35965    .rodata._ZTVN4mbed14FileSystemLikeE  BUILD/NUCLEO_WB55RG/ARMC6/mbed-os/storage/filesystem/source/FileSystem.o
    0x0800cd90   0x00000054   Data   RO        34819    .rodata._ZTVN4mbed15HeapBlockDeviceE  BUILD/NUCLEO_WB55RG/ARMC6/mbed-os/storage/blockdevice/source/HeapBlockDevice.o
    0x0800cde4   0x0000002c   Data   RO        33378    .rodata._ZTVN4mbed16FileSystemHandleE  BUILD/NUCLEO_WB55RG/ARMC6/mbed-os/platform/source/FileSystemHandle.o
    0x0800ce10   0x00000090   Data   RO        35537    .rodata._ZTVN4mbed16LittleFileSystemE  BUILD/NUCLEO_WB55RG/ARMC6/mbed-os/storage/filesystem/littlefs/source/LittleFileSystem.o
    0x0800cea0   0x0000002c   Data   RO        35849    .rodata._ZTVN4mbed3DirE  BUILD/NUCLEO_WB55RG/ARMC6/mbed-os/storage/filesystem/source/Dir.o
    0x0800cecc   0x00000054   Data   RO        35886    .rodata._ZTVN4mbed4FileE  BUILD/NUCLEO_WB55RG/ARMC6/mbed-os/storage/filesystem/source/File.o
    0x0800cf20   0x0000002c   Data   RO        35967    .rodata._ZTVN4mbed7ManagedINS_3DirEEE  BUILD/NUCLEO_WB55RG/ARMC6/mbed-os/storage/filesystem/source/FileSystem.o
    0x0800cf4c   0x00000054   Data   RO        35966    .rodata._ZTVN4mbed7ManagedINS_4FileEEE  BUILD/NUCLEO_WB55RG/ARMC6/mbed-os/storage/filesystem/source/FileSystem.o
    0x0800cfa0   0x00000010   Data   RO        33335    .rodata._ZTVN4mbed8FileBaseE  BUILD/NUCLEO_WB55RG/ARMC6/mbed-os/platform/source/FileBase.o
    0x0800cfb0   0x0000000c   Data   RO        33647    .rodata._ZTVN4mbed8internal8SysTimerINSt3__25ratioILx1ELx1000EEELb1EEE  BUILD/NUCLEO_WB55RG/ARMC6/mbed-os/platform/source/SysTimer.o
    0x0800cfbc   0x00000010   Data   RO        34596    .rodata._ZTVN4rtos6ThreadE  BUILD/NUCLEO_WB55RG/ARMC6/mbed-os/rtos/source/Thread.o
    0x0800cfcc   0x00000018   Data   RO        34142    .rodata._ZZL15default_consolevE14console_pinmap  BUILD/NUCLEO_WB55RG/ARMC6/mbed-os/platform/source/mbed_retarget.o
    0x0800cfe4   0x00000008   Data   RO        34131    .rodata.__stderr_name  BUILD/NUCLEO_WB55RG/ARMC6/mbed-os/platform/source/mbed_retarget.o
    0x0800cfec   0x00000007   Data   RO        34129    .rodata.__stdin_name  BUILD/NUCLEO_WB55RG/ARMC6/mbed-os/platform/source/mbed_retarget.o
    0x0800cff3   0x00000008   Data   RO        34130    .rodata.__stdout_name  BUILD/NUCLEO_WB55RG/ARMC6/mbed-os/platform/source/mbed_retarget.o
    0x0800cffb   0x00000001   PAD
    0x0800cffc   0x00000010   Data   RO        38269    .rodata.cst16       BUILD/NUCLEO_WB55RG/ARMC6/mbed-os/targets/TARGET_STM/TARGET_STM32WB/STM32Cube_FW/STM32WBxx_HAL_Driver/stm32wbxx_hal_rcc.o
    0x0800d00c   0x00000040   Data   RO        41034    .rodata.ll_pin_defines  BUILD/NUCLEO_WB55RG/ARMC6/mbed-os/targets/TARGET_STM/pinmap.o
    0x0800d04c   0x00000008   Data   RO        33002    .rodata.lp_data     BUILD/NUCLEO_WB55RG/ARMC6/mbed-os/hal/source/mbed_lp_ticker_api.o
    0x0800d054   0x00000024   Data   RO        33004    .rodata.lp_interface  BUILD/NUCLEO_WB55RG/ARMC6/mbed-os/hal/source/mbed_lp_ticker_api.o
    0x0800d078   0x00000008   Data   RO        41007    .rodata.lp_ticker_get_info.info  BUILD/NUCLEO_WB55RG/ARMC6/mbed-os/targets/TARGET_STM/lp_ticker.o
    0x0800d080   0x00000004   Data   RO          264    .rodata.osRtxUserSVC  BUILD/NUCLEO_WB55RG/ARMC6/mbed-os/cmsis/CMSIS_5/CMSIS/RTOS2/RTX/Source/rtx_lib.o
    0x0800d084   0x00000024   Data   RO          259    .rodata.os_idle_thread_attr  BUILD/NUCLEO_WB55RG/ARMC6/mbed-os/cmsis/CMSIS_5/CMSIS/RTOS2/RTX/Source/rtx_lib.o
    0x0800d0a8   0x00000018   Data   RO          261    .rodata.os_timer_mq_attr  BUILD/NUCLEO_WB55RG/ARMC6/mbed-os/cmsis/CMSIS_5/CMSIS/RTOS2/RTX/Source/rtx_lib.o
    0x0800d0c0   0x00000024   Data   RO          260    .rodata.os_timer_thread_attr  BUILD/NUCLEO_WB55RG/ARMC6/mbed-os/cmsis/CMSIS_5/CMSIS/RTOS2/RTX/Source/rtx_lib.o
    0x0800d0e4   0x000000c0   Data   RO        40663    .rodata.pin_lines_desc  BUILD/NUCLEO_WB55RG/ARMC6/mbed-os/targets/TARGET_STM/TARGET_STM32WB/gpio_irq_device.o
    0x0800d1a4   0x0000002f   Data   RO           31    .rodata.str1.1      BUILD/NUCLEO_WB55RG/ARMC6/main.o
    0x0800d1d3   0x00000013   Data   RO          265    .rodata.str1.1      BUILD/NUCLEO_WB55RG/ARMC6/mbed-os/cmsis/CMSIS_5/CMSIS/RTOS2/RTX/Source/rtx_lib.o
    0x0800d1e6   0x00000010   Data   RO          723    .rodata.str1.1      BUILD/NUCLEO_WB55RG/ARMC6/mbed-os/cmsis/device/rtos/source/mbed_rtos_rtx.o
    0x0800d1f6   0x000000c8   Data   RO        33659    .rodata.str1.1      BUILD/NUCLEO_WB55RG/ARMC6/mbed-os/platform/source/TARGET_CORTEX_M/mbed_fault_handler.o
    0x0800d2be   0x00000002   Data   RO        35439    .rodata.str1.1      BUILD/NUCLEO_WB55RG/ARMC6/mbed-os/storage/filesystem/littlefs/littlefs/lfs.o
    0x0800d2c0   0x0000000b   Data   RO          252    .rodata.str1.4      BUILD/NUCLEO_WB55RG/ARMC6/mbed-os/cmsis/CMSIS_5/CMSIS/RTOS2/RTX/Source/rtx_kernel.o
    0x0800d2cb   0x00000001   PAD
    0x0800d2cc   0x00000008   Data   RO        33102    .rodata.us_data     BUILD/NUCLEO_WB55RG/ARMC6/mbed-os/hal/source/mbed_us_ticker_api.o
    0x0800d2d4   0x00000024   Data   RO        33104    .rodata.us_interface  BUILD/NUCLEO_WB55RG/ARMC6/mbed-os/hal/source/mbed_us_ticker_api.o
    0x0800d2f8   0x00000008   Data   RO        41259    .rodata.us_ticker_get_info.info  BUILD/NUCLEO_WB55RG/ARMC6/mbed-os/targets/TARGET_STM/us_ticker.o
    0x0800d300   0x00000020   Data   RO        42811    Region$$Table       anon$$obj.o
    0x0800d320   0x00000004   Data   RO           35    .init_array         BUILD/NUCLEO_WB55RG/ARMC6/main.o
    0x0800d324   0x00000004   Data   RO         8622    .init_array         BUILD/NUCLEO_WB55RG/ARMC6/mbed-os/connectivity/drivers/ble/FEATURE_BLE/TARGET_STM32WB/HCIDriver.o
    0x0800d328   0x00000000   Data   RO        41501    .init_array         c:\ProgramData\Mbed Studio\mbed-studio-tools\ac6\bin\..\lib\armlib\c_w.l(init_aeabi.o)


    Execution Region RW_IRAM1 (Base: 0x20000140, Size: 0x00003998, Max: 0xffffffff, ABSOLUTE, COMPRESSED[0x00000040])

    Base Addr    Size         Type   Attr      Idx    E Section Name        Object

    0x20000140   0x00000004   Data   RW        41417    .data               c:\ProgramData\Mbed Studio\mbed-studio-tools\ac6\bin\..\lib\armlib\c_w.l(stdio_streams.o)
    0x20000144   0x00000004   Data   RW        41418    .data               c:\ProgramData\Mbed Studio\mbed-studio-tools\ac6\bin\..\lib\armlib\c_w.l(stdio_streams.o)
    0x20000148   0x00000004   Data   RW        41419    .data               c:\ProgramData\Mbed Studio\mbed-studio-tools\ac6\bin\..\lib\armlib\c_w.l(stdio_streams.o)
    0x2000014c   0x00000004   Data   RW        42030    .data               c:\ProgramData\Mbed Studio\mbed-studio-tools\ac6\bin\..\lib\armlib\c_w.l(streamlock.o)
    0x20000150   0x00000008   Data   RW        36345    .data..L_MergedGlobals  BUILD/NUCLEO_WB55RG/ARMC6/mbed-os/targets/TARGET_STM/TARGET_STM32WB/STM32Cube_FW/STM32WBxx_HAL_Driver/stm32wbxx_hal.o
    0x20000158   0x00000004   Data   RW        40598    .data.SystemCoreClock  BUILD/NUCLEO_WB55RG/ARMC6/mbed-os/targets/TARGET_STM/TARGET_STM32WB/STM32Cube_FW/system_stm32wbxx.o
    0x2000015c   0x00000040   Data   RW        34141    .data._ZL11filehandles  BUILD/NUCLEO_WB55RG/ARMC6/mbed-os/platform/source/mbed_retarget.o
    0x2000019c   0x00000004   Data   RW          768    .data._ZL14idle_hook_fptr  BUILD/NUCLEO_WB55RG/ARMC6/mbed-os/cmsis/device/rtos/source/mbed_rtx_idle.o
    0x200001a0   0x00000004   Data   RW        33003    .data.irq_handler   BUILD/NUCLEO_WB55RG/ARMC6/mbed-os/hal/source/mbed_lp_ticker_api.o
    0x200001a4   0x00000004   Data   RW        33103    .data.irq_handler   BUILD/NUCLEO_WB55RG/ARMC6/mbed-os/hal/source/mbed_us_ticker_api.o
    0x200001a8   0x000000a4   Data   RW          253    .data.os            BUILD/NUCLEO_WB55RG/ARMC6/mbed-os/cmsis/CMSIS_5/CMSIS/RTOS2/RTX/Source/rtx_kernel.o
    0x2000024c   0x000003e9   Data   RW           34    .data.seqRData      BUILD/NUCLEO_WB55RG/ARMC6/main.o
    0x20000635   0x000003e9   Data   RW           33    .data.seqWData      BUILD/NUCLEO_WB55RG/ARMC6/main.o
    0x20000a1e   0x00000002   PAD
    0x20000a20   0x00000054   Zero   RW        41414    .bss                c:\ProgramData\Mbed Studio\mbed-studio-tools\ac6\bin\..\lib\armlib\c_w.l(stdio_streams.o)
    0x20000a74   0x00000054   Zero   RW        41415    .bss                c:\ProgramData\Mbed Studio\mbed-studio-tools\ac6\bin\..\lib\armlib\c_w.l(stdio_streams.o)
    0x20000ac8   0x00000054   Zero   RW        41416    .bss                c:\ProgramData\Mbed Studio\mbed-studio-tools\ac6\bin\..\lib\armlib\c_w.l(stdio_streams.o)
    0x20000b1c   0x00000060   Zero   RW        41938    .bss                c:\ProgramData\Mbed Studio\mbed-studio-tools\ac6\bin\..\lib\armlib\c_w.l(libspace.o)
    0x20000b7c   0x00000004   PAD
    0x20000b80   0x00000078   Zero   RW           37    .bss..L_MergedGlobals  BUILD/NUCLEO_WB55RG/ARMC6/main.o
    0x20000bf8   0x00000060   Zero   RW         8623    .bss..L_MergedGlobals  BUILD/NUCLEO_WB55RG/ARMC6/mbed-os/connectivity/drivers/ble/FEATURE_BLE/TARGET_STM32WB/HCIDriver.o
    0x20000c58   0x00000002   Zero   RW        32963    .bss..L_MergedGlobals  BUILD/NUCLEO_WB55RG/ARMC6/mbed-os/hal/source/mbed_critical_section_api.o
    0x20000c5a   0x00000002   PAD
    0x20000c5c   0x00000030   Zero   RW        33336    .bss..L_MergedGlobals  BUILD/NUCLEO_WB55RG/ARMC6/mbed-os/platform/source/FileBase.o
    0x20000c8c   0x00000070   Zero   RW        33843    .bss..L_MergedGlobals  BUILD/NUCLEO_WB55RG/ARMC6/mbed-os/platform/source/mbed_error.o
    0x20000cfc   0x00000004   PAD
    0x20000d00   0x00000050   Zero   RW        33903    .bss..L_MergedGlobals  BUILD/NUCLEO_WB55RG/ARMC6/mbed-os/platform/source/mbed_os_timer.o
    0x20000d50   0x00000028   Zero   RW        34143    .bss..L_MergedGlobals  BUILD/NUCLEO_WB55RG/ARMC6/mbed-os/platform/source/mbed_retarget.o
    0x20000d78   0x00000008   Zero   RW        34449    .bss..L_MergedGlobals  BUILD/NUCLEO_WB55RG/ARMC6/mbed-os/rtos/source/Kernel.o
    0x20000d80   0x00000008   Zero   RW        40869    .bss..L_MergedGlobals  BUILD/NUCLEO_WB55RG/ARMC6/mbed-os/targets/TARGET_STM/gpio_irq_api.o
    0x20000d88   0x00000008   Zero   RW        40880    .bss..L_MergedGlobals  BUILD/NUCLEO_WB55RG/ARMC6/mbed-os/targets/TARGET_STM/hal_tick_overrides.o
    0x20000d90   0x00000048   Zero   RW        41008    .bss..L_MergedGlobals  BUILD/NUCLEO_WB55RG/ARMC6/mbed-os/targets/TARGET_STM/lp_ticker.o
    0x20000dd8   0x00000050   Zero   RW        41143    .bss..L_MergedGlobals  BUILD/NUCLEO_WB55RG/ARMC6/mbed-os/targets/TARGET_STM/serial_api.o
    0x20000e28   0x00000058   Zero   RW        41260    .bss..L_MergedGlobals  BUILD/NUCLEO_WB55RG/ARMC6/mbed-os/targets/TARGET_STM/us_ticker.o
    0x20000e80   0x00000004   Zero   RW        32320    .bss._ZGVZN4mbed33do_shared_event_queue_with_threadIL12osPriority_t24ELj768ELj2048EEEPN6events10EventQueueEPKcE5queue  BUILD/NUCLEO_WB55RG/ARMC6/mbed-os/events/source/mbed_shared_queues.o
    0x20000e84   0x00000004   Zero   RW        32323    .bss._ZGVZN4mbed33do_shared_event_queue_with_threadIL12osPriority_t24ELj768ELj2048EEEPN6events10EventQueueEPKcE6thread  BUILD/NUCLEO_WB55RG/ARMC6/mbed-os/events/source/mbed_shared_queues.o
    0x20000e88   0x00000028   Zero   RW        34134    .bss._ZL16filehandle_mutex  BUILD/NUCLEO_WB55RG/ARMC6/mbed-os/platform/source/mbed_retarget.o
    0x20000eb0   0x00000300   Zero   RW        32318    .bss._ZZN4mbed33do_shared_event_queue_with_threadIL12osPriority_t24ELj768ELj2048EEEPN6events10EventQueueEPKcE12queue_buffer  BUILD/NUCLEO_WB55RG/ARMC6/mbed-os/events/source/mbed_shared_queues.o
    0x200011b0   0x0000005c   Zero   RW        32319    .bss._ZZN4mbed33do_shared_event_queue_with_threadIL12osPriority_t24ELj768ELj2048EEEPN6events10EventQueueEPKcE5queue  BUILD/NUCLEO_WB55RG/ARMC6/mbed-os/events/source/mbed_shared_queues.o
    0x2000120c   0x00000004   PAD
    0x20001210   0x00000800   Zero   RW        32321    .bss._ZZN4mbed33do_shared_event_queue_with_threadIL12osPriority_t24ELj768ELj2048EEEPN6events10EventQueueEPKcE5stack  BUILD/NUCLEO_WB55RG/ARMC6/mbed-os/events/source/mbed_shared_queues.o
    0x20001a10   0x000000bc   Zero   RW        32322    .bss._ZZN4mbed33do_shared_event_queue_with_threadIL12osPriority_t24ELj768ELj2048EEEPN6events10EventQueueEPKcE6thread  BUILD/NUCLEO_WB55RG/ARMC6/mbed-os/events/source/mbed_shared_queues.o
    0x20001acc   0x00000004   PAD
    0x20001ad0   0x00001000   Zero   RW          720    .bss._main_stack    BUILD/NUCLEO_WB55RG/ARMC6/mbed-os/cmsis/device/rtos/source/mbed_rtos_rtx.o
    0x20002ad0   0x00000024   Zero   RW          721    .bss._main_thread_attr  BUILD/NUCLEO_WB55RG/ARMC6/mbed-os/cmsis/device/rtos/source/mbed_rtos_rtx.o
    0x20002af4   0x00000020   Zero   RW          693    .bss._static_mutexes  BUILD/NUCLEO_WB55RG/ARMC6/mbed-os/cmsis/device/rtos/TOOLCHAIN_ARM_STD/mbed_boot_arm_std.o
    0x20002b14   0x000000e0   Zero   RW          694    .bss._static_mutexes_mem  BUILD/NUCLEO_WB55RG/ARMC6/mbed-os/cmsis/device/rtos/TOOLCHAIN_ARM_STD/mbed_boot_arm_std.o
    0x20002bf4   0x00000214   Zero   RW        40868    .bss.channels       BUILD/NUCLEO_WB55RG/ARMC6/mbed-os/targets/TARGET_STM/gpio_irq_api.o
    0x20002e08   0x00000004   Zero   RW        33798    .bss.critical_section_reentrancy_counter  BUILD/NUCLEO_WB55RG/ARMC6/mbed-os/platform/source/mbed_critical.o
    0x20002e0c   0x00000002   Zero   RW        33946    .bss.deep_sleep_lock  BUILD/NUCLEO_WB55RG/ARMC6/mbed-os/platform/source/mbed_power_mgmt.o
    0x20002e0e   0x00000002   PAD
    0x20002e10   0x00000038   Zero   RW        33005    .bss.events         BUILD/NUCLEO_WB55RG/ARMC6/mbed-os/hal/source/mbed_lp_ticker_api.o
    0x20002e48   0x00000038   Zero   RW        33105    .bss.events         BUILD/NUCLEO_WB55RG/ARMC6/mbed-os/hal/source/mbed_us_ticker_api.o
    0x20002e80   0x00000004   Zero   RW           28    .bss.f              BUILD/NUCLEO_WB55RG/ARMC6/main.o
    0x20002e84   0x000000c8   Zero   RW           29    .bss.fs             BUILD/NUCLEO_WB55RG/ARMC6/main.o
    0x20002f4c   0x00000001   Zero   RW        33842    .bss.halt_in_progress  BUILD/NUCLEO_WB55RG/ARMC6/mbed-os/platform/source/mbed_error.o
    0x20002f4d   0x00000003   PAD
    0x20002f50   0x00000050   Zero   RW           30    .bss.irq            BUILD/NUCLEO_WB55RG/ARMC6/main.o
    0x20002fa0   0x00000001   Zero   RW        33841    .bss.mbed_error_in_progress  BUILD/NUCLEO_WB55RG/ARMC6/mbed-os/platform/source/mbed_error.o
    0x20002fa1   0x00000003   PAD
    0x20002fa4   0x00000054   Zero   RW        33660    .bss.mbed_fault_context  BUILD/NUCLEO_WB55RG/ARMC6/mbed-os/platform/source/TARGET_CORTEX_M/mbed_fault_handler.o
    0x20002ff8   0x00000004   Zero   RW        34133    .bss.mbed_heap_size  BUILD/NUCLEO_WB55RG/ARMC6/mbed-os/platform/source/mbed_retarget.o
    0x20002ffc   0x00000004   Zero   RW        34132    .bss.mbed_heap_start  BUILD/NUCLEO_WB55RG/ARMC6/mbed-os/platform/source/mbed_retarget.o
    0x20003000   0x00000004   Zero   RW        41024    .bss.mbed_sdk_inited  BUILD/NUCLEO_WB55RG/ARMC6/mbed-os/targets/TARGET_STM/mbed_overrides.o
    0x20003004   0x00000004   Zero   RW          711    .bss.mbed_stack_isr_size  BUILD/NUCLEO_WB55RG/ARMC6/mbed-os/cmsis/device/rtos/source/mbed_boot.o
    0x20003008   0x00000004   Zero   RW          710    .bss.mbed_stack_isr_start  BUILD/NUCLEO_WB55RG/ARMC6/mbed-os/cmsis/device/rtos/source/mbed_boot.o
    0x2000300c   0x00000040   Zero   RW          258    .bss.os             BUILD/NUCLEO_WB55RG/ARMC6/mbed-os/cmsis/CMSIS_5/CMSIS/RTOS2/RTX/Source/rtx_lib.o
    0x2000304c   0x000001f0   Zero   RW          692    .bss.os.libspace    BUILD/NUCLEO_WB55RG/ARMC6/mbed-os/cmsis/device/rtos/TOOLCHAIN_ARM_STD/mbed_boot_arm_std.o
    0x2000323c   0x00000034   Zero   RW          269    .bss.os.msgqueue.cb  BUILD/NUCLEO_WB55RG/ARMC6/mbed-os/cmsis/CMSIS_5/CMSIS/RTOS2/RTX/Source/rtx_lib.o
    0x20003270   0x00000050   Zero   RW          270    .bss.os.msgqueue.mem  BUILD/NUCLEO_WB55RG/ARMC6/mbed-os/cmsis/CMSIS_5/CMSIS/RTOS2/RTX/Source/rtx_lib.o
    0x200032c0   0x00000088   Zero   RW          266    .bss.os.thread.cb   BUILD/NUCLEO_WB55RG/ARMC6/mbed-os/cmsis/CMSIS_5/CMSIS/RTOS2/RTX/Source/rtx_lib.o
    0x20003348   0x00000044   Zero   RW          722    .bss.os.thread.cb   BUILD/NUCLEO_WB55RG/ARMC6/mbed-os/cmsis/device/rtos/source/mbed_rtos_rtx.o
    0x2000338c   0x00000004   PAD
    0x20003390   0x00000300   Zero   RW          267    .bss.os.thread.idle.stack  BUILD/NUCLEO_WB55RG/ARMC6/mbed-os/cmsis/CMSIS_5/CMSIS/RTOS2/RTX/Source/rtx_lib.o
    0x20003690   0x00000300   Zero   RW          268    .bss.os.thread.timer.stack  BUILD/NUCLEO_WB55RG/ARMC6/mbed-os/cmsis/CMSIS_5/CMSIS/RTOS2/RTX/Source/rtx_lib.o
    0x20003990   0x00000001   Zero   RW          695    .bss.os_kernel_is_active.os_kernel_active  BUILD/NUCLEO_WB55RG/ARMC6/mbed-os/cmsis/device/rtos/TOOLCHAIN_ARM_STD/mbed_boot_arm_std.o
    0x20003991   0x00000003   PAD
    0x20003994   0x00000004   Zero   RW          726    .bss.singleton_mutex_id  BUILD/NUCLEO_WB55RG/ARMC6/mbed-os/cmsis/device/rtos/source/mbed_rtos_rtx.o
    0x20003998   0x0000001c   Zero   RW          724    .bss.singleton_mutex_obj  BUILD/NUCLEO_WB55RG/ARMC6/mbed-os/cmsis/device/rtos/source/mbed_rtos_rtx.o
    0x200039b4   0x00000004   Zero   RW          739    .bss.terminate_hook  BUILD/NUCLEO_WB55RG/ARMC6/mbed-os/cmsis/device/rtos/source/mbed_rtx_handlers.o
    0x200039b8   0x00000120   Zero   RW        40711    .bss.uart_handlers  BUILD/NUCLEO_WB55RG/ARMC6/mbed-os/targets/TARGET_STM/TARGET_STM32WB/serial_device.o


    Execution Region ARM_LIB_HEAP (Base: 0x20003ae0, Size: 0x0002c120, Max: 0x0002c120, ABSOLUTE)

    Base Addr    Size         Type   Attr      Idx    E Section Name        Object

    0x20003ae0   0x0002c120   Zero   RW            1    ARM_LIB_HEAP.bss    anon$$obj.o


    Execution Region ARM_LIB_STACK (Base: 0x2002fc00, Size: 0x00000400, Max: 0x00000400, ABSOLUTE)

    Base Addr    Size         Type   Attr      Idx    E Section Name        Object

    0x2002fc00   0x00000400   Zero   RW            2    ARM_LIB_STACK.bss   anon$$obj.o


    Execution Region RW_IRAM2a (Base: 0x20030000, Size: 0x00000000, Max: 0x00002800, ABSOLUTE)

    **** No section assigned to this execution region ****


    Execution Region RW_IRAM2b (Base: 0x20038000, Size: 0x00000000, Max: 0x00005000, ABSOLUTE)

    **** No section assigned to this execution region ****


==============================================================================

Image component sizes


      Code (inc. data)   RO Data    RW Data    ZI Data      Debug   

     44332       2726       2760       2256     193656      48160   Object Totals
         0          0         32          0     181536          0   (incl. Generated)
       104          0          2          2         29          0   (incl. Padding)
      6720        510        244         16        352       9848   Library Totals
        14          0          3          0          4          0   (incl. Padding)

==============================================================================


      Code (inc. data)   RO Data    RW Data    ZI Data      Debug   

     51052       3236       3004       2272     194008      52956   Grand Totals
     51052       3236       3004         64     194008      52956   ELF Image Totals (compressed)
     51052       3236       3004         64          0          0   ROM Totals

==============================================================================

    Total RO  Size (Code + RO Data)                54056 (  52.79kB)
    Total RW  Size (RW Data + ZI Data)            196280 ( 191.68kB)
    Total ROM Size (Code + RO Data + RW Data)      54120 (  52.85kB)

==============================================================================

